[     805ms] [WARNING] [Supabase] Missing NEXT_PUBLIC_SUPABASE_URL or NEXT_PUBLIC_SUPABASE_ANON_KEY — running without Supabase @ webpack-internal:///(app-pages-browser)/./src/lib/supabase/client.ts:16
[     805ms] [WARNING] [Supabase] Missing NEXT_PUBLIC_SUPABASE_URL or NEXT_PUBLIC_SUPABASE_ANON_KEY — running without Supabase @ webpack-internal:///(app-pages-browser)/./src/lib/supabase/client.ts:16
[     805ms] [WARNING] [Auth] Supabase not configured — running without authentication @ webpack-internal:///(app-pages-browser)/./src/lib/auth/auth-context.tsx:117
[     812ms] [WARNING] [Supabase] Missing NEXT_PUBLIC_SUPABASE_URL or NEXT_PUBLIC_SUPABASE_ANON_KEY — running without Supabase @ webpack-internal:///(app-pages-browser)/./src/lib/supabase/client.ts:16
[     812ms] [WARNING] [Supabase] Missing NEXT_PUBLIC_SUPABASE_URL or NEXT_PUBLIC_SUPABASE_ANON_KEY — running without Supabase @ webpack-internal:///(app-pages-browser)/./src/lib/supabase/client.ts:16
[     812ms] [WARNING] [Auth] Supabase not configured — running without authentication @ webpack-internal:///(app-pages-browser)/./src/lib/auth/auth-context.tsx:117
[    2067ms] [ERROR] Failed to load resource: the server responded with a status of 404 (Not Found) @ http://localhost:3001/notifications:0
[    2067ms] [ERROR] Failed to load resource: the server responded with a status of 404 (Not Found) @ http://localhost:3001/subscriptions/me:0
[    2087ms] [ERROR] Failed to load resource: the server responded with a status of 404 (Not Found) @ http://localhost:3001/notifications:0
[    2088ms] [ERROR] Failed to load resource: the server responded with a status of 404 (Not Found) @ http://localhost:3001/subscriptions/me:0
[    2105ms] [ERROR] Failed to load resource: the server responded with a status of 404 (Not Found) @ http://localhost:3001/notifications:0
[    2115ms] [ERROR] Failed to load resource: the server responded with a status of 404 (Not Found) @ http://localhost:3001/notifications:0
[   60869ms] [ERROR] Failed to load resource: net::ERR_CONNECTION_REFUSED @ http://localhost:3001/api/agents/metrics:0
[  120863ms] [ERROR] Failed to load resource: net::ERR_CONNECTION_REFUSED @ http://localhost:3001/api/agents/metrics:0
[  180864ms] [ERROR] Failed to load resource: net::ERR_CONNECTION_REFUSED @ http://localhost:3001/api/agents/metrics:0
[  240865ms] [ERROR] Failed to load resource: net::ERR_CONNECTION_REFUSED @ http://localhost:3001/api/agents/metrics:0
[  300870ms] [ERROR] Failed to load resource: net::ERR_CONNECTION_REFUSED @ http://localhost:3001/api/agents/metrics:0
[  360831ms] [ERROR] Failed to load resource: net::ERR_CONNECTION_REFUSED @ http://localhost:3001/api/agents/metrics:0
[  420828ms] [ERROR] Failed to load resource: net::ERR_CONNECTION_REFUSED @ http://localhost:3001/api/agents/metrics:0
[  480829ms] [ERROR] Failed to load resource: net::ERR_CONNECTION_REFUSED @ http://localhost:3001/api/agents/metrics:0
[  540834ms] [ERROR] Failed to load resource: net::ERR_CONNECTION_REFUSED @ http://localhost:3001/api/agents/metrics:0
[  600832ms] [ERROR] Failed to load resource: net::ERR_CONNECTION_REFUSED @ http://localhost:3001/api/agents/metrics:0
[  660835ms] [ERROR] Failed to load resource: net::ERR_CONNECTION_REFUSED @ http://localhost:3001/api/agents/metrics:0
[  720832ms] [ERROR] Failed to load resource: net::ERR_CONNECTION_REFUSED @ http://localhost:3001/api/agents/metrics:0
[  780831ms] [ERROR] Failed to load resource: net::ERR_CONNECTION_REFUSED @ http://localhost:3001/api/agents/metrics:0
[  840832ms] [ERROR] Failed to load resource: net::ERR_CONNECTION_REFUSED @ http://localhost:3001/api/agents/metrics:0
[  900826ms] [ERROR] Failed to load resource: net::ERR_CONNECTION_REFUSED @ http://localhost:3001/api/agents/metrics:0
[  960828ms] [ERROR] Failed to load resource: net::ERR_CONNECTION_REFUSED @ http://localhost:3001/api/agents/metrics:0
[ 1020831ms] [ERROR] Failed to load resource: net::ERR_CONNECTION_REFUSED @ http://localhost:3001/api/agents/metrics:0
[ 1080826ms] [ERROR] Failed to load resource: net::ERR_CONNECTION_REFUSED @ http://localhost:3001/api/agents/metrics:0
[ 1140825ms] [ERROR] Failed to load resource: net::ERR_CONNECTION_REFUSED @ http://localhost:3001/api/agents/metrics:0
[ 1200835ms] [ERROR] Failed to load resource: net::ERR_CONNECTION_REFUSED @ http://localhost:3001/api/agents/metrics:0
[ 1260828ms] [ERROR] Failed to load resource: net::ERR_CONNECTION_REFUSED @ http://localhost:3001/api/agents/metrics:0
[ 1320833ms] [ERROR] Failed to load resource: net::ERR_CONNECTION_REFUSED @ http://localhost:3001/api/agents/metrics:0
[ 1380843ms] [ERROR] Failed to load resource: net::ERR_CONNECTION_REFUSED @ http://localhost:3001/api/agents/metrics:0
[ 1440834ms] [ERROR] Failed to load resource: net::ERR_CONNECTION_REFUSED @ http://localhost:3001/api/agents/metrics:0
[ 1500834ms] [ERROR] Failed to load resource: net::ERR_CONNECTION_REFUSED @ http://localhost:3001/api/agents/metrics:0
[ 1560835ms] [ERROR] Failed to load resource: net::ERR_CONNECTION_REFUSED @ http://localhost:3001/api/agents/metrics:0
[ 1620835ms] [ERROR] Failed to load resource: net::ERR_CONNECTION_REFUSED @ http://localhost:3001/api/agents/metrics:0
[ 1680836ms] [ERROR] Failed to load resource: net::ERR_CONNECTION_REFUSED @ http://localhost:3001/api/agents/metrics:0
[ 1740838ms] [ERROR] Failed to load resource: net::ERR_CONNECTION_REFUSED @ http://localhost:3001/api/agents/metrics:0
[ 1800838ms] [ERROR] Failed to load resource: net::ERR_CONNECTION_REFUSED @ http://localhost:3001/api/agents/metrics:0
[ 1860831ms] [ERROR] Failed to load resource: net::ERR_CONNECTION_REFUSED @ http://localhost:3001/api/agents/metrics:0
