[    2412ms] [WARNING] [i18n] Missing translation for key: "inmobiliaria.propietario.table.searchPlaceholder" in locale: "es" @ webpack-internal:///(app-pages-browser)/./src/lib/i18n/i18n-context.tsx:72
[    2413ms] [WARNING] [i18n] Missing translation for key: "inmobiliaria.propietario.table.export" in locale: "es" @ webpack-internal:///(app-pages-browser)/./src/lib/i18n/i18n-context.tsx:72
[    2413ms] [WARNING] [i18n] Missing translation for key: "inmobiliaria.propietario.table.all" in locale: "es" @ webpack-internal:///(app-pages-browser)/./src/lib/i18n/i18n-context.tsx:72
[    2413ms] [WARNING] [i18n] Missing translation for key: "inmobiliaria.propietario.table.person" in locale: "es" @ webpack-internal:///(app-pages-browser)/./src/lib/i18n/i18n-context.tsx:72
[    2413ms] [WARNING] [i18n] Missing translation for key: "inmobiliaria.propietario.table.company" in locale: "es" @ webpack-internal:///(app-pages-browser)/./src/lib/i18n/i18n-context.tsx:72
[    2413ms] [WARNING] [i18n] Missing translation for key: "inmobiliaria.propietario.table.withPendingBalance" in locale: "es" @ webpack-internal:///(app-pages-browser)/./src/lib/i18n/i18n-context.tsx:72
[    2414ms] [WARNING] [i18n] Missing translation for key: "inmobiliaria.propietario.table.of" in locale: "es" @ webpack-internal:///(app-pages-browser)/./src/lib/i18n/i18n-context.tsx:72
[    2414ms] [WARNING] [i18n] Missing translation for key: "inmobiliaria.propietario.table.owner" in locale: "es" @ webpack-internal:///(app-pages-browser)/./src/lib/i18n/i18n-context.tsx:72
[    2414ms] [WARNING] [i18n] Missing translation for key: "inmobiliaria.propietario.table.properties" in locale: "es" @ webpack-internal:///(app-pages-browser)/./src/lib/i18n/i18n-context.tsx:72
[    2414ms] [WARNING] [i18n] Missing translation for key: "inmobiliaria.propietario.table.monthlyRent" in locale: "es" @ webpack-internal:///(app-pages-browser)/./src/lib/i18n/i18n-context.tsx:72
[    2414ms] [WARNING] [i18n] Missing translation for key: "inmobiliaria.propietario.table.pending" in locale: "es" @ webpack-internal:///(app-pages-browser)/./src/lib/i18n/i18n-context.tsx:72
[    2414ms] [WARNING] [i18n] Missing translation for key: "inmobiliaria.propietario.table.lastPayment" in locale: "es" @ webpack-internal:///(app-pages-browser)/./src/lib/i18n/i18n-context.tsx:72
[    2415ms] [WARNING] [i18n] Missing translation for key: "inmobiliaria.propietario.table.rented" in locale: "es" @ webpack-internal:///(app-pages-browser)/./src/lib/i18n/i18n-context.tsx:72
[    2415ms] [WARNING] [i18n] Missing translation for key: "inmobiliaria.propietario.table.upToDate" in locale: "es" @ webpack-internal:///(app-pages-browser)/./src/lib/i18n/i18n-context.tsx:72
[    2415ms] [WARNING] [i18n] Missing translation for key: "inmobiliaria.propietario.table.rented" in locale: "es" @ webpack-internal:///(app-pages-browser)/./src/lib/i18n/i18n-context.tsx:72
[    2415ms] [WARNING] [i18n] Missing translation for key: "inmobiliaria.propietario.table.upToDate" in locale: "es" @ webpack-internal:///(app-pages-browser)/./src/lib/i18n/i18n-context.tsx:72
[    2415ms] [WARNING] [i18n] Missing translation for key: "inmobiliaria.propietario.table.rented" in locale: "es" @ webpack-internal:///(app-pages-browser)/./src/lib/i18n/i18n-context.tsx:72
[    2416ms] [WARNING] [i18n] Missing translation for key: "inmobiliaria.propietario.table.upToDate" in locale: "es" @ webpack-internal:///(app-pages-browser)/./src/lib/i18n/i18n-context.tsx:72
[    2416ms] [WARNING] [i18n] Missing translation for key: "inmobiliaria.propietario.table.rented" in locale: "es" @ webpack-internal:///(app-pages-browser)/./src/lib/i18n/i18n-context.tsx:72
[    2416ms] [WARNING] [i18n] Missing translation for key: "inmobiliaria.propietario.table.rented" in locale: "es" @ webpack-internal:///(app-pages-browser)/./src/lib/i18n/i18n-context.tsx:72
[    2416ms] [WARNING] [i18n] Missing translation for key: "inmobiliaria.propietario.table.rented" in locale: "es" @ webpack-internal:///(app-pages-browser)/./src/lib/i18n/i18n-context.tsx:72
[    2416ms] [WARNING] [i18n] Missing translation for key: "inmobiliaria.propietario.table.upToDate" in locale: "es" @ webpack-internal:///(app-pages-browser)/./src/lib/i18n/i18n-context.tsx:72
[    2417ms] [WARNING] [i18n] Missing translation for key: "inmobiliaria.propietario.table.rented" in locale: "es" @ webpack-internal:///(app-pages-browser)/./src/lib/i18n/i18n-context.tsx:72
[    2417ms] [WARNING] [i18n] Missing translation for key: "inmobiliaria.propietario.table.upToDate" in locale: "es" @ webpack-internal:///(app-pages-browser)/./src/lib/i18n/i18n-context.tsx:72
[    2417ms] [WARNING] [i18n] Missing translation for key: "inmobiliaria.propietario.table.rented" in locale: "es" @ webpack-internal:///(app-pages-browser)/./src/lib/i18n/i18n-context.tsx:72
[    2417ms] [WARNING] [i18n] Missing translation for key: "inmobiliaria.propietario.table.upToDate" in locale: "es" @ webpack-internal:///(app-pages-browser)/./src/lib/i18n/i18n-context.tsx:72
[    2417ms] [WARNING] [i18n] Missing translation for key: "inmobiliaria.propietario.table.rented" in locale: "es" @ webpack-internal:///(app-pages-browser)/./src/lib/i18n/i18n-context.tsx:72
[    2417ms] [WARNING] [i18n] Missing translation for key: "inmobiliaria.propietario.table.upToDate" in locale: "es" @ webpack-internal:///(app-pages-browser)/./src/lib/i18n/i18n-context.tsx:72
[    2417ms] [WARNING] [i18n] Missing translation for key: "inmobiliaria.propietario.table.rented" in locale: "es" @ webpack-internal:///(app-pages-browser)/./src/lib/i18n/i18n-context.tsx:72
[    2418ms] [WARNING] [i18n] Missing translation for key: "inmobiliaria.propietario.table.searchPlaceholder" in locale: "es" @ webpack-internal:///(app-pages-browser)/./src/lib/i18n/i18n-context.tsx:72
[    2418ms] [WARNING] [i18n] Missing translation for key: "inmobiliaria.propietario.table.export" in locale: "es" @ webpack-internal:///(app-pages-browser)/./src/lib/i18n/i18n-context.tsx:72
[    2418ms] [WARNING] [i18n] Missing translation for key: "inmobiliaria.propietario.table.all" in locale: "es" @ webpack-internal:///(app-pages-browser)/./src/lib/i18n/i18n-context.tsx:72
[    2418ms] [WARNING] [i18n] Missing translation for key: "inmobiliaria.propietario.table.person" in locale: "es" @ webpack-internal:///(app-pages-browser)/./src/lib/i18n/i18n-context.tsx:72
[    2418ms] [WARNING] [i18n] Missing translation for key: "inmobiliaria.propietario.table.company" in locale: "es" @ webpack-internal:///(app-pages-browser)/./src/lib/i18n/i18n-context.tsx:72
[    2419ms] [WARNING] [i18n] Missing translation for key: "inmobiliaria.propietario.table.withPendingBalance" in locale: "es" @ webpack-internal:///(app-pages-browser)/./src/lib/i18n/i18n-context.tsx:72
[    2419ms] [WARNING] [i18n] Missing translation for key: "inmobiliaria.propietario.table.of" in locale: "es" @ webpack-internal:///(app-pages-browser)/./src/lib/i18n/i18n-context.tsx:72
[    2419ms] [WARNING] [i18n] Missing translation for key: "inmobiliaria.propietario.table.owner" in locale: "es" @ webpack-internal:///(app-pages-browser)/./src/lib/i18n/i18n-context.tsx:72
[    2419ms] [WARNING] [i18n] Missing translation for key: "inmobiliaria.propietario.table.properties" in locale: "es" @ webpack-internal:///(app-pages-browser)/./src/lib/i18n/i18n-context.tsx:72
[    2419ms] [WARNING] [i18n] Missing translation for key: "inmobiliaria.propietario.table.monthlyRent" in locale: "es" @ webpack-internal:///(app-pages-browser)/./src/lib/i18n/i18n-context.tsx:72
[    2419ms] [WARNING] [i18n] Missing translation for key: "inmobiliaria.propietario.table.pending" in locale: "es" @ webpack-internal:///(app-pages-browser)/./src/lib/i18n/i18n-context.tsx:72
[    2419ms] [WARNING] [i18n] Missing translation for key: "inmobiliaria.propietario.table.lastPayment" in locale: "es" @ webpack-internal:///(app-pages-browser)/./src/lib/i18n/i18n-context.tsx:72
[    2419ms] [WARNING] [i18n] Missing translation for key: "inmobiliaria.propietario.table.rented" in locale: "es" @ webpack-internal:///(app-pages-browser)/./src/lib/i18n/i18n-context.tsx:72
[    2420ms] [WARNING] [i18n] Missing translation for key: "inmobiliaria.propietario.table.upToDate" in locale: "es" @ webpack-internal:///(app-pages-browser)/./src/lib/i18n/i18n-context.tsx:72
[    2420ms] [WARNING] [i18n] Missing translation for key: "inmobiliaria.propietario.table.rented" in locale: "es" @ webpack-internal:///(app-pages-browser)/./src/lib/i18n/i18n-context.tsx:72
[    2420ms] [WARNING] [i18n] Missing translation for key: "inmobiliaria.propietario.table.upToDate" in locale: "es" @ webpack-internal:///(app-pages-browser)/./src/lib/i18n/i18n-context.tsx:72
[    2421ms] [WARNING] [i18n] Missing translation for key: "inmobiliaria.propietario.table.rented" in locale: "es" @ webpack-internal:///(app-pages-browser)/./src/lib/i18n/i18n-context.tsx:72
[    2421ms] [WARNING] [i18n] Missing translation for key: "inmobiliaria.propietario.table.upToDate" in locale: "es" @ webpack-internal:///(app-pages-browser)/./src/lib/i18n/i18n-context.tsx:72
[    2422ms] [WARNING] [i18n] Missing translation for key: "inmobiliaria.propietario.table.rented" in locale: "es" @ webpack-internal:///(app-pages-browser)/./src/lib/i18n/i18n-context.tsx:72
[    2423ms] [WARNING] [i18n] Missing translation for key: "inmobiliaria.propietario.table.rented" in locale: "es" @ webpack-internal:///(app-pages-browser)/./src/lib/i18n/i18n-context.tsx:72
[    2423ms] [WARNING] [i18n] Missing translation for key: "inmobiliaria.propietario.table.rented" in locale: "es" @ webpack-internal:///(app-pages-browser)/./src/lib/i18n/i18n-context.tsx:72
[    2424ms] [WARNING] [i18n] Missing translation for key: "inmobiliaria.propietario.table.upToDate" in locale: "es" @ webpack-internal:///(app-pages-browser)/./src/lib/i18n/i18n-context.tsx:72
[    2424ms] [WARNING] [i18n] Missing translation for key: "inmobiliaria.propietario.table.rented" in locale: "es" @ webpack-internal:///(app-pages-browser)/./src/lib/i18n/i18n-context.tsx:72
[    2424ms] [WARNING] [i18n] Missing translation for key: "inmobiliaria.propietario.table.upToDate" in locale: "es" @ webpack-internal:///(app-pages-browser)/./src/lib/i18n/i18n-context.tsx:72
[    2424ms] [WARNING] [i18n] Missing translation for key: "inmobiliaria.propietario.table.rented" in locale: "es" @ webpack-internal:///(app-pages-browser)/./src/lib/i18n/i18n-context.tsx:72
[    2425ms] [WARNING] [i18n] Missing translation for key: "inmobiliaria.propietario.table.upToDate" in locale: "es" @ webpack-internal:///(app-pages-browser)/./src/lib/i18n/i18n-context.tsx:72
[    2425ms] [WARNING] [i18n] Missing translation for key: "inmobiliaria.propietario.table.rented" in locale: "es" @ webpack-internal:///(app-pages-browser)/./src/lib/i18n/i18n-context.tsx:72
[    2425ms] [WARNING] [i18n] Missing translation for key: "inmobiliaria.propietario.table.upToDate" in locale: "es" @ webpack-internal:///(app-pages-browser)/./src/lib/i18n/i18n-context.tsx:72
[    2425ms] [WARNING] [i18n] Missing translation for key: "inmobiliaria.propietario.table.rented" in locale: "es" @ webpack-internal:///(app-pages-browser)/./src/lib/i18n/i18n-context.tsx:72
[    2449ms] [WARNING] [i18n] Missing translation for key: "inmobiliaria.propietario.table.searchPlaceholder" in locale: "es" @ webpack-internal:///(app-pages-browser)/./src/lib/i18n/i18n-context.tsx:72
[    2449ms] [WARNING] [i18n] Missing translation for key: "inmobiliaria.propietario.table.export" in locale: "es" @ webpack-internal:///(app-pages-browser)/./src/lib/i18n/i18n-context.tsx:72
[    2449ms] [WARNING] [i18n] Missing translation for key: "inmobiliaria.propietario.table.all" in locale: "es" @ webpack-internal:///(app-pages-browser)/./src/lib/i18n/i18n-context.tsx:72
[    2449ms] [WARNING] [i18n] Missing translation for key: "inmobiliaria.propietario.table.person" in locale: "es" @ webpack-internal:///(app-pages-browser)/./src/lib/i18n/i18n-context.tsx:72
[    2449ms] [WARNING] [i18n] Missing translation for key: "inmobiliaria.propietario.table.company" in locale: "es" @ webpack-internal:///(app-pages-browser)/./src/lib/i18n/i18n-context.tsx:72
[    2449ms] [WARNING] [i18n] Missing translation for key: "inmobiliaria.propietario.table.withPendingBalance" in locale: "es" @ webpack-internal:///(app-pages-browser)/./src/lib/i18n/i18n-context.tsx:72
[    2450ms] [WARNING] [i18n] Missing translation for key: "inmobiliaria.propietario.table.of" in locale: "es" @ webpack-internal:///(app-pages-browser)/./src/lib/i18n/i18n-context.tsx:72
[    2450ms] [WARNING] [i18n] Missing translation for key: "inmobiliaria.propietario.table.owner" in locale: "es" @ webpack-internal:///(app-pages-browser)/./src/lib/i18n/i18n-context.tsx:72
[    2450ms] [WARNING] [i18n] Missing translation for key: "inmobiliaria.propietario.table.properties" in locale: "es" @ webpack-internal:///(app-pages-browser)/./src/lib/i18n/i18n-context.tsx:72
[    2450ms] [WARNING] [i18n] Missing translation for key: "inmobiliaria.propietario.table.monthlyRent" in locale: "es" @ webpack-internal:///(app-pages-browser)/./src/lib/i18n/i18n-context.tsx:72
[    2450ms] [WARNING] [i18n] Missing translation for key: "inmobiliaria.propietario.table.pending" in locale: "es" @ webpack-internal:///(app-pages-browser)/./src/lib/i18n/i18n-context.tsx:72
[    2450ms] [WARNING] [i18n] Missing translation for key: "inmobiliaria.propietario.table.lastPayment" in locale: "es" @ webpack-internal:///(app-pages-browser)/./src/lib/i18n/i18n-context.tsx:72
[    2450ms] [WARNING] [i18n] Missing translation for key: "inmobiliaria.propietario.table.rented" in locale: "es" @ webpack-internal:///(app-pages-browser)/./src/lib/i18n/i18n-context.tsx:72
[    2450ms] [WARNING] [i18n] Missing translation for key: "inmobiliaria.propietario.table.upToDate" in locale: "es" @ webpack-internal:///(app-pages-browser)/./src/lib/i18n/i18n-context.tsx:72
[    2450ms] [WARNING] [i18n] Missing translation for key: "inmobiliaria.propietario.table.rented" in locale: "es" @ webpack-internal:///(app-pages-browser)/./src/lib/i18n/i18n-context.tsx:72
[    2451ms] [WARNING] [i18n] Missing translation for key: "inmobiliaria.propietario.table.upToDate" in locale: "es" @ webpack-internal:///(app-pages-browser)/./src/lib/i18n/i18n-context.tsx:72
[    2451ms] [WARNING] [i18n] Missing translation for key: "inmobiliaria.propietario.table.rented" in locale: "es" @ webpack-internal:///(app-pages-browser)/./src/lib/i18n/i18n-context.tsx:72
[    2451ms] [WARNING] [i18n] Missing translation for key: "inmobiliaria.propietario.table.upToDate" in locale: "es" @ webpack-internal:///(app-pages-browser)/./src/lib/i18n/i18n-context.tsx:72
[    2451ms] [WARNING] [i18n] Missing translation for key: "inmobiliaria.propietario.table.rented" in locale: "es" @ webpack-internal:///(app-pages-browser)/./src/lib/i18n/i18n-context.tsx:72
[    2451ms] [WARNING] [i18n] Missing translation for key: "inmobiliaria.propietario.table.rented" in locale: "es" @ webpack-internal:///(app-pages-browser)/./src/lib/i18n/i18n-context.tsx:72
[    2451ms] [WARNING] [i18n] Missing translation for key: "inmobiliaria.propietario.table.rented" in locale: "es" @ webpack-internal:///(app-pages-browser)/./src/lib/i18n/i18n-context.tsx:72
[    2451ms] [WARNING] [i18n] Missing translation for key: "inmobiliaria.propietario.table.upToDate" in locale: "es" @ webpack-internal:///(app-pages-browser)/./src/lib/i18n/i18n-context.tsx:72
[    2451ms] [WARNING] [i18n] Missing translation for key: "inmobiliaria.propietario.table.rented" in locale: "es" @ webpack-internal:///(app-pages-browser)/./src/lib/i18n/i18n-context.tsx:72
[    2451ms] [WARNING] [i18n] Missing translation for key: "inmobiliaria.propietario.table.upToDate" in locale: "es" @ webpack-internal:///(app-pages-browser)/./src/lib/i18n/i18n-context.tsx:72
[    2451ms] [WARNING] [i18n] Missing translation for key: "inmobiliaria.propietario.table.rented" in locale: "es" @ webpack-internal:///(app-pages-browser)/./src/lib/i18n/i18n-context.tsx:72
[    2451ms] [WARNING] [i18n] Missing translation for key: "inmobiliaria.propietario.table.upToDate" in locale: "es" @ webpack-internal:///(app-pages-browser)/./src/lib/i18n/i18n-context.tsx:72
[    2451ms] [WARNING] [i18n] Missing translation for key: "inmobiliaria.propietario.table.rented" in locale: "es" @ webpack-internal:///(app-pages-browser)/./src/lib/i18n/i18n-context.tsx:72
[    2452ms] [WARNING] [i18n] Missing translation for key: "inmobiliaria.propietario.table.upToDate" in locale: "es" @ webpack-internal:///(app-pages-browser)/./src/lib/i18n/i18n-context.tsx:72
[    2452ms] [WARNING] [i18n] Missing translation for key: "inmobiliaria.propietario.table.rented" in locale: "es" @ webpack-internal:///(app-pages-browser)/./src/lib/i18n/i18n-context.tsx:72
[    2452ms] [WARNING] [i18n] Missing translation for key: "inmobiliaria.propietario.table.searchPlaceholder" in locale: "es" @ webpack-internal:///(app-pages-browser)/./src/lib/i18n/i18n-context.tsx:72
[    2452ms] [WARNING] [i18n] Missing translation for key: "inmobiliaria.propietario.table.export" in locale: "es" @ webpack-internal:///(app-pages-browser)/./src/lib/i18n/i18n-context.tsx:72
[    2452ms] [WARNING] [i18n] Missing translation for key: "inmobiliaria.propietario.table.all" in locale: "es" @ webpack-internal:///(app-pages-browser)/./src/lib/i18n/i18n-context.tsx:72
[    2452ms] [WARNING] [i18n] Missing translation for key: "inmobiliaria.propietario.table.person" in locale: "es" @ webpack-internal:///(app-pages-browser)/./src/lib/i18n/i18n-context.tsx:72
[    2452ms] [WARNING] [i18n] Missing translation for key: "inmobiliaria.propietario.table.company" in locale: "es" @ webpack-internal:///(app-pages-browser)/./src/lib/i18n/i18n-context.tsx:72
[    2452ms] [WARNING] [i18n] Missing translation for key: "inmobiliaria.propietario.table.withPendingBalance" in locale: "es" @ webpack-internal:///(app-pages-browser)/./src/lib/i18n/i18n-context.tsx:72
[    2452ms] [WARNING] [i18n] Missing translation for key: "inmobiliaria.propietario.table.of" in locale: "es" @ webpack-internal:///(app-pages-browser)/./src/lib/i18n/i18n-context.tsx:72
[    2452ms] [WARNING] [i18n] Missing translation for key: "inmobiliaria.propietario.table.owner" in locale: "es" @ webpack-internal:///(app-pages-browser)/./src/lib/i18n/i18n-context.tsx:72
[    2452ms] [WARNING] [i18n] Missing translation for key: "inmobiliaria.propietario.table.properties" in locale: "es" @ webpack-internal:///(app-pages-browser)/./src/lib/i18n/i18n-context.tsx:72
[    2452ms] [WARNING] [i18n] Missing translation for key: "inmobiliaria.propietario.table.monthlyRent" in locale: "es" @ webpack-internal:///(app-pages-browser)/./src/lib/i18n/i18n-context.tsx:72
[    2452ms] [WARNING] [i18n] Missing translation for key: "inmobiliaria.propietario.table.pending" in locale: "es" @ webpack-internal:///(app-pages-browser)/./src/lib/i18n/i18n-context.tsx:72
[    2452ms] [WARNING] [i18n] Missing translation for key: "inmobiliaria.propietario.table.lastPayment" in locale: "es" @ webpack-internal:///(app-pages-browser)/./src/lib/i18n/i18n-context.tsx:72
[    2452ms] [WARNING] [i18n] Missing translation for key: "inmobiliaria.propietario.table.rented" in locale: "es" @ webpack-internal:///(app-pages-browser)/./src/lib/i18n/i18n-context.tsx:72
[    2452ms] [WARNING] [i18n] Missing translation for key: "inmobiliaria.propietario.table.upToDate" in locale: "es" @ webpack-internal:///(app-pages-browser)/./src/lib/i18n/i18n-context.tsx:72
[    2452ms] [WARNING] [i18n] Missing translation for key: "inmobiliaria.propietario.table.rented" in locale: "es" @ webpack-internal:///(app-pages-browser)/./src/lib/i18n/i18n-context.tsx:72
[    2453ms] [WARNING] [i18n] Missing translation for key: "inmobiliaria.propietario.table.upToDate" in locale: "es" @ webpack-internal:///(app-pages-browser)/./src/lib/i18n/i18n-context.tsx:72
[    2453ms] [WARNING] [i18n] Missing translation for key: "inmobiliaria.propietario.table.rented" in locale: "es" @ webpack-internal:///(app-pages-browser)/./src/lib/i18n/i18n-context.tsx:72
[    2453ms] [WARNING] [i18n] Missing translation for key: "inmobiliaria.propietario.table.upToDate" in locale: "es" @ webpack-internal:///(app-pages-browser)/./src/lib/i18n/i18n-context.tsx:72
[    2453ms] [WARNING] [i18n] Missing translation for key: "inmobiliaria.propietario.table.rented" in locale: "es" @ webpack-internal:///(app-pages-browser)/./src/lib/i18n/i18n-context.tsx:72
[    2453ms] [WARNING] [i18n] Missing translation for key: "inmobiliaria.propietario.table.rented" in locale: "es" @ webpack-internal:///(app-pages-browser)/./src/lib/i18n/i18n-context.tsx:72
[    2453ms] [WARNING] [i18n] Missing translation for key: "inmobiliaria.propietario.table.rented" in locale: "es" @ webpack-internal:///(app-pages-browser)/./src/lib/i18n/i18n-context.tsx:72
[    2453ms] [WARNING] [i18n] Missing translation for key: "inmobiliaria.propietario.table.upToDate" in locale: "es" @ webpack-internal:///(app-pages-browser)/./src/lib/i18n/i18n-context.tsx:72
[    2453ms] [WARNING] [i18n] Missing translation for key: "inmobiliaria.propietario.table.rented" in locale: "es" @ webpack-internal:///(app-pages-browser)/./src/lib/i18n/i18n-context.tsx:72
[    2453ms] [WARNING] [i18n] Missing translation for key: "inmobiliaria.propietario.table.upToDate" in locale: "es" @ webpack-internal:///(app-pages-browser)/./src/lib/i18n/i18n-context.tsx:72
[    2453ms] [WARNING] [i18n] Missing translation for key: "inmobiliaria.propietario.table.rented" in locale: "es" @ webpack-internal:///(app-pages-browser)/./src/lib/i18n/i18n-context.tsx:72
[    2453ms] [WARNING] [i18n] Missing translation for key: "inmobiliaria.propietario.table.upToDate" in locale: "es" @ webpack-internal:///(app-pages-browser)/./src/lib/i18n/i18n-context.tsx:72
[    2453ms] [WARNING] [i18n] Missing translation for key: "inmobiliaria.propietario.table.rented" in locale: "es" @ webpack-internal:///(app-pages-browser)/./src/lib/i18n/i18n-context.tsx:72
[    2454ms] [WARNING] [i18n] Missing translation for key: "inmobiliaria.propietario.table.upToDate" in locale: "es" @ webpack-internal:///(app-pages-browser)/./src/lib/i18n/i18n-context.tsx:72
[    2454ms] [WARNING] [i18n] Missing translation for key: "inmobiliaria.propietario.table.rented" in locale: "es" @ webpack-internal:///(app-pages-browser)/./src/lib/i18n/i18n-context.tsx:72
