[    1688ms] [WARNING] [i18n] Missing translation for key: "inmobiliaria.finance.renewals.all" in locale: "es" @ webpack-internal:///(app-pages-browser)/./src/lib/i18n/i18n-context.tsx:72
[    1689ms] [WARNING] [i18n] Missing translation for key: "inmobiliaria.finance.renewals.critical" in locale: "es" @ webpack-internal:///(app-pages-browser)/./src/lib/i18n/i18n-context.tsx:72
[    1689ms] [WARNING] [i18n] Missing translation for key: "inmobiliaria.finance.renewals.urgent" in locale: "es" @ webpack-internal:///(app-pages-browser)/./src/lib/i18n/i18n-context.tsx:72
[    1689ms] [WARNING] [i18n] Missing translation for key: "inmobiliaria.finance.renewals.upcoming" in locale: "es" @ webpack-internal:///(app-pages-browser)/./src/lib/i18n/i18n-context.tsx:72
[    1689ms] [WARNING] [i18n] Missing translation for key: "inmobiliaria.finance.renewals.statusLabel" in locale: "es" @ webpack-internal:///(app-pages-browser)/./src/lib/i18n/i18n-context.tsx:72
[    1689ms] [WARNING] [i18n] Missing translation for key: "inmobiliaria.finance.renewals.allStatuses" in locale: "es" @ webpack-internal:///(app-pages-browser)/./src/lib/i18n/i18n-context.tsx:72
[    1689ms] [WARNING] [i18n] Missing translation for key: "inmobiliaria.finance.renewals.statusPending" in locale: "es" @ webpack-internal:///(app-pages-browser)/./src/lib/i18n/i18n-context.tsx:72
[    1689ms] [WARNING] [i18n] Missing translation for key: "inmobiliaria.finance.renewals.statusNotified" in locale: "es" @ webpack-internal:///(app-pages-browser)/./src/lib/i18n/i18n-context.tsx:72
[    1689ms] [WARNING] [i18n] Missing translation for key: "inmobiliaria.finance.renewals.statusNegotiating" in locale: "es" @ webpack-internal:///(app-pages-browser)/./src/lib/i18n/i18n-context.tsx:72
[    1689ms] [WARNING] [i18n] Missing translation for key: "inmobiliaria.finance.renewals.statusApproved" in locale: "es" @ webpack-internal:///(app-pages-browser)/./src/lib/i18n/i18n-context.tsx:72
[    1689ms] [WARNING] [i18n] Missing translation for key: "inmobiliaria.finance.renewals.statusSigned" in locale: "es" @ webpack-internal:///(app-pages-browser)/./src/lib/i18n/i18n-context.tsx:72
[    1689ms] [WARNING] [i18n] Missing translation for key: "inmobiliaria.finance.renewals.statusCompleted" in locale: "es" @ webpack-internal:///(app-pages-browser)/./src/lib/i18n/i18n-context.tsx:72
[    1689ms] [WARNING] [i18n] Missing translation for key: "inmobiliaria.finance.renewals.statusTerminated" in locale: "es" @ webpack-internal:///(app-pages-browser)/./src/lib/i18n/i18n-context.tsx:72
[    1689ms] [WARNING] [i18n] Missing translation for key: "inmobiliaria.finance.renewals.property" in locale: "es" @ webpack-internal:///(app-pages-browser)/./src/lib/i18n/i18n-context.tsx:72
[    1689ms] [WARNING] [i18n] Missing translation for key: "inmobiliaria.finance.renewals.tenant" in locale: "es" @ webpack-internal:///(app-pages-browser)/./src/lib/i18n/i18n-context.tsx:72
[    1689ms] [WARNING] [i18n] Missing translation for key: "inmobiliaria.finance.renewals.owner" in locale: "es" @ webpack-internal:///(app-pages-browser)/./src/lib/i18n/i18n-context.tsx:72
[    1689ms] [WARNING] [i18n] Missing translation for key: "inmobiliaria.finance.renewals.expiration" in locale: "es" @ webpack-internal:///(app-pages-browser)/./src/lib/i18n/i18n-context.tsx:72
[    1689ms] [WARNING] [i18n] Missing translation for key: "inmobiliaria.finance.renewals.days" in locale: "es" @ webpack-internal:///(app-pages-browser)/./src/lib/i18n/i18n-context.tsx:72
[    1689ms] [WARNING] [i18n] Missing translation for key: "inmobiliaria.finance.renewals.currentRent" in locale: "es" @ webpack-internal:///(app-pages-browser)/./src/lib/i18n/i18n-context.tsx:72
[    1689ms] [WARNING] [i18n] Missing translation for key: "inmobiliaria.finance.renewals.proposed" in locale: "es" @ webpack-internal:///(app-pages-browser)/./src/lib/i18n/i18n-context.tsx:72
[    1689ms] [WARNING] [i18n] Missing translation for key: "inmobiliaria.finance.renewals.status" in locale: "es" @ webpack-internal:///(app-pages-browser)/./src/lib/i18n/i18n-context.tsx:72
[    1712ms] [WARNING] [i18n] Missing translation for key: "inmobiliaria.finance.renewals.viewDetails" in locale: "es" @ webpack-internal:///(app-pages-browser)/./src/lib/i18n/i18n-context.tsx:72
[    1712ms] [WARNING] [i18n] Missing translation for key: "inmobiliaria.finance.renewals.calculateIPC" in locale: "es" @ webpack-internal:///(app-pages-browser)/./src/lib/i18n/i18n-context.tsx:72
[    1712ms] [WARNING] [i18n] Missing translation for key: "inmobiliaria.finance.renewals.viewHistory" in locale: "es" @ webpack-internal:///(app-pages-browser)/./src/lib/i18n/i18n-context.tsx:72
[    1712ms] [WARNING] [i18n] Missing translation for key: "inmobiliaria.finance.renewals.all" in locale: "es" @ webpack-internal:///(app-pages-browser)/./src/lib/i18n/i18n-context.tsx:72
[    1712ms] [WARNING] [i18n] Missing translation for key: "inmobiliaria.finance.renewals.critical" in locale: "es" @ webpack-internal:///(app-pages-browser)/./src/lib/i18n/i18n-context.tsx:72
[    1712ms] [WARNING] [i18n] Missing translation for key: "inmobiliaria.finance.renewals.urgent" in locale: "es" @ webpack-internal:///(app-pages-browser)/./src/lib/i18n/i18n-context.tsx:72
[    1712ms] [WARNING] [i18n] Missing translation for key: "inmobiliaria.finance.renewals.upcoming" in locale: "es" @ webpack-internal:///(app-pages-browser)/./src/lib/i18n/i18n-context.tsx:72
[    1712ms] [WARNING] [i18n] Missing translation for key: "inmobiliaria.finance.renewals.statusLabel" in locale: "es" @ webpack-internal:///(app-pages-browser)/./src/lib/i18n/i18n-context.tsx:72
[    1712ms] [WARNING] [i18n] Missing translation for key: "inmobiliaria.finance.renewals.allStatuses" in locale: "es" @ webpack-internal:///(app-pages-browser)/./src/lib/i18n/i18n-context.tsx:72
[    1712ms] [WARNING] [i18n] Missing translation for key: "inmobiliaria.finance.renewals.statusPending" in locale: "es" @ webpack-internal:///(app-pages-browser)/./src/lib/i18n/i18n-context.tsx:72
[    1712ms] [WARNING] [i18n] Missing translation for key: "inmobiliaria.finance.renewals.statusNotified" in locale: "es" @ webpack-internal:///(app-pages-browser)/./src/lib/i18n/i18n-context.tsx:72
[    1712ms] [WARNING] [i18n] Missing translation for key: "inmobiliaria.finance.renewals.statusNegotiating" in locale: "es" @ webpack-internal:///(app-pages-browser)/./src/lib/i18n/i18n-context.tsx:72
[    1713ms] [WARNING] [i18n] Missing translation for key: "inmobiliaria.finance.renewals.statusApproved" in locale: "es" @ webpack-internal:///(app-pages-browser)/./src/lib/i18n/i18n-context.tsx:72
[    1713ms] [WARNING] [i18n] Missing translation for key: "inmobiliaria.finance.renewals.statusSigned" in locale: "es" @ webpack-internal:///(app-pages-browser)/./src/lib/i18n/i18n-context.tsx:72
[    1713ms] [WARNING] [i18n] Missing translation for key: "inmobiliaria.finance.renewals.statusCompleted" in locale: "es" @ webpack-internal:///(app-pages-browser)/./src/lib/i18n/i18n-context.tsx:72
[    1713ms] [WARNING] [i18n] Missing translation for key: "inmobiliaria.finance.renewals.statusTerminated" in locale: "es" @ webpack-internal:///(app-pages-browser)/./src/lib/i18n/i18n-context.tsx:72
[    1713ms] [WARNING] [i18n] Missing translation for key: "inmobiliaria.finance.renewals.property" in locale: "es" @ webpack-internal:///(app-pages-browser)/./src/lib/i18n/i18n-context.tsx:72
[    1713ms] [WARNING] [i18n] Missing translation for key: "inmobiliaria.finance.renewals.tenant" in locale: "es" @ webpack-internal:///(app-pages-browser)/./src/lib/i18n/i18n-context.tsx:72
[    1713ms] [WARNING] [i18n] Missing translation for key: "inmobiliaria.finance.renewals.owner" in locale: "es" @ webpack-internal:///(app-pages-browser)/./src/lib/i18n/i18n-context.tsx:72
[    1713ms] [WARNING] [i18n] Missing translation for key: "inmobiliaria.finance.renewals.expiration" in locale: "es" @ webpack-internal:///(app-pages-browser)/./src/lib/i18n/i18n-context.tsx:72
[    1713ms] [WARNING] [i18n] Missing translation for key: "inmobiliaria.finance.renewals.days" in locale: "es" @ webpack-internal:///(app-pages-browser)/./src/lib/i18n/i18n-context.tsx:72
[    1713ms] [WARNING] [i18n] Missing translation for key: "inmobiliaria.finance.renewals.currentRent" in locale: "es" @ webpack-internal:///(app-pages-browser)/./src/lib/i18n/i18n-context.tsx:72
[    1713ms] [WARNING] [i18n] Missing translation for key: "inmobiliaria.finance.renewals.proposed" in locale: "es" @ webpack-internal:///(app-pages-browser)/./src/lib/i18n/i18n-context.tsx:72
[    1713ms] [WARNING] [i18n] Missing translation for key: "inmobiliaria.finance.renewals.status" in locale: "es" @ webpack-internal:///(app-pages-browser)/./src/lib/i18n/i18n-context.tsx:72
[    1714ms] [WARNING] [i18n] Missing translation for key: "inmobiliaria.finance.renewals.viewDetails" in locale: "es" @ webpack-internal:///(app-pages-browser)/./src/lib/i18n/i18n-context.tsx:72
[    1714ms] [WARNING] [i18n] Missing translation for key: "inmobiliaria.finance.renewals.calculateIPC" in locale: "es" @ webpack-internal:///(app-pages-browser)/./src/lib/i18n/i18n-context.tsx:72
[    1714ms] [WARNING] [i18n] Missing translation for key: "inmobiliaria.finance.renewals.viewHistory" in locale: "es" @ webpack-internal:///(app-pages-browser)/./src/lib/i18n/i18n-context.tsx:72
[    1733ms] [WARNING] [i18n] Missing translation for key: "inmobiliaria.finance.renewals.all" in locale: "es" @ webpack-internal:///(app-pages-browser)/./src/lib/i18n/i18n-context.tsx:72
[    1733ms] [WARNING] [i18n] Missing translation for key: "inmobiliaria.finance.renewals.critical" in locale: "es" @ webpack-internal:///(app-pages-browser)/./src/lib/i18n/i18n-context.tsx:72
[    1733ms] [WARNING] [i18n] Missing translation for key: "inmobiliaria.finance.renewals.urgent" in locale: "es" @ webpack-internal:///(app-pages-browser)/./src/lib/i18n/i18n-context.tsx:72
[    1733ms] [WARNING] [i18n] Missing translation for key: "inmobiliaria.finance.renewals.upcoming" in locale: "es" @ webpack-internal:///(app-pages-browser)/./src/lib/i18n/i18n-context.tsx:72
[    1733ms] [WARNING] [i18n] Missing translation for key: "inmobiliaria.finance.renewals.statusLabel" in locale: "es" @ webpack-internal:///(app-pages-browser)/./src/lib/i18n/i18n-context.tsx:72
[    1733ms] [WARNING] [i18n] Missing translation for key: "inmobiliaria.finance.renewals.allStatuses" in locale: "es" @ webpack-internal:///(app-pages-browser)/./src/lib/i18n/i18n-context.tsx:72
[    1733ms] [WARNING] [i18n] Missing translation for key: "inmobiliaria.finance.renewals.statusPending" in locale: "es" @ webpack-internal:///(app-pages-browser)/./src/lib/i18n/i18n-context.tsx:72
[    1733ms] [WARNING] [i18n] Missing translation for key: "inmobiliaria.finance.renewals.statusNotified" in locale: "es" @ webpack-internal:///(app-pages-browser)/./src/lib/i18n/i18n-context.tsx:72
[    1733ms] [WARNING] [i18n] Missing translation for key: "inmobiliaria.finance.renewals.statusNegotiating" in locale: "es" @ webpack-internal:///(app-pages-browser)/./src/lib/i18n/i18n-context.tsx:72
[    1733ms] [WARNING] [i18n] Missing translation for key: "inmobiliaria.finance.renewals.statusApproved" in locale: "es" @ webpack-internal:///(app-pages-browser)/./src/lib/i18n/i18n-context.tsx:72
[    1733ms] [WARNING] [i18n] Missing translation for key: "inmobiliaria.finance.renewals.statusSigned" in locale: "es" @ webpack-internal:///(app-pages-browser)/./src/lib/i18n/i18n-context.tsx:72
[    1733ms] [WARNING] [i18n] Missing translation for key: "inmobiliaria.finance.renewals.statusCompleted" in locale: "es" @ webpack-internal:///(app-pages-browser)/./src/lib/i18n/i18n-context.tsx:72
[    1734ms] [WARNING] [i18n] Missing translation for key: "inmobiliaria.finance.renewals.statusTerminated" in locale: "es" @ webpack-internal:///(app-pages-browser)/./src/lib/i18n/i18n-context.tsx:72
[    1734ms] [WARNING] [i18n] Missing translation for key: "inmobiliaria.finance.renewals.property" in locale: "es" @ webpack-internal:///(app-pages-browser)/./src/lib/i18n/i18n-context.tsx:72
[    1734ms] [WARNING] [i18n] Missing translation for key: "inmobiliaria.finance.renewals.tenant" in locale: "es" @ webpack-internal:///(app-pages-browser)/./src/lib/i18n/i18n-context.tsx:72
[    1734ms] [WARNING] [i18n] Missing translation for key: "inmobiliaria.finance.renewals.owner" in locale: "es" @ webpack-internal:///(app-pages-browser)/./src/lib/i18n/i18n-context.tsx:72
[    1734ms] [WARNING] [i18n] Missing translation for key: "inmobiliaria.finance.renewals.expiration" in locale: "es" @ webpack-internal:///(app-pages-browser)/./src/lib/i18n/i18n-context.tsx:72
[    1734ms] [WARNING] [i18n] Missing translation for key: "inmobiliaria.finance.renewals.days" in locale: "es" @ webpack-internal:///(app-pages-browser)/./src/lib/i18n/i18n-context.tsx:72
[    1734ms] [WARNING] [i18n] Missing translation for key: "inmobiliaria.finance.renewals.currentRent" in locale: "es" @ webpack-internal:///(app-pages-browser)/./src/lib/i18n/i18n-context.tsx:72
[    1734ms] [WARNING] [i18n] Missing translation for key: "inmobiliaria.finance.renewals.proposed" in locale: "es" @ webpack-internal:///(app-pages-browser)/./src/lib/i18n/i18n-context.tsx:72
[    1734ms] [WARNING] [i18n] Missing translation for key: "inmobiliaria.finance.renewals.status" in locale: "es" @ webpack-internal:///(app-pages-browser)/./src/lib/i18n/i18n-context.tsx:72
[    1735ms] [WARNING] [i18n] Missing translation for key: "inmobiliaria.finance.renewals.viewDetails" in locale: "es" @ webpack-internal:///(app-pages-browser)/./src/lib/i18n/i18n-context.tsx:72
[    1735ms] [WARNING] [i18n] Missing translation for key: "inmobiliaria.finance.renewals.calculateIPC" in locale: "es" @ webpack-internal:///(app-pages-browser)/./src/lib/i18n/i18n-context.tsx:72
[    1735ms] [WARNING] [i18n] Missing translation for key: "inmobiliaria.finance.renewals.viewHistory" in locale: "es" @ webpack-internal:///(app-pages-browser)/./src/lib/i18n/i18n-context.tsx:72
[    1735ms] [WARNING] [i18n] Missing translation for key: "inmobiliaria.finance.renewals.all" in locale: "es" @ webpack-internal:///(app-pages-browser)/./src/lib/i18n/i18n-context.tsx:72
[    1735ms] [WARNING] [i18n] Missing translation for key: "inmobiliaria.finance.renewals.critical" in locale: "es" @ webpack-internal:///(app-pages-browser)/./src/lib/i18n/i18n-context.tsx:72
[    1735ms] [WARNING] [i18n] Missing translation for key: "inmobiliaria.finance.renewals.urgent" in locale: "es" @ webpack-internal:///(app-pages-browser)/./src/lib/i18n/i18n-context.tsx:72
[    1735ms] [WARNING] [i18n] Missing translation for key: "inmobiliaria.finance.renewals.upcoming" in locale: "es" @ webpack-internal:///(app-pages-browser)/./src/lib/i18n/i18n-context.tsx:72
[    1735ms] [WARNING] [i18n] Missing translation for key: "inmobiliaria.finance.renewals.statusLabel" in locale: "es" @ webpack-internal:///(app-pages-browser)/./src/lib/i18n/i18n-context.tsx:72
[    1735ms] [WARNING] [i18n] Missing translation for key: "inmobiliaria.finance.renewals.allStatuses" in locale: "es" @ webpack-internal:///(app-pages-browser)/./src/lib/i18n/i18n-context.tsx:72
[    1735ms] [WARNING] [i18n] Missing translation for key: "inmobiliaria.finance.renewals.statusPending" in locale: "es" @ webpack-internal:///(app-pages-browser)/./src/lib/i18n/i18n-context.tsx:72
[    1735ms] [WARNING] [i18n] Missing translation for key: "inmobiliaria.finance.renewals.statusNotified" in locale: "es" @ webpack-internal:///(app-pages-browser)/./src/lib/i18n/i18n-context.tsx:72
[    1735ms] [WARNING] [i18n] Missing translation for key: "inmobiliaria.finance.renewals.statusNegotiating" in locale: "es" @ webpack-internal:///(app-pages-browser)/./src/lib/i18n/i18n-context.tsx:72
[    1736ms] [WARNING] [i18n] Missing translation for key: "inmobiliaria.finance.renewals.statusApproved" in locale: "es" @ webpack-internal:///(app-pages-browser)/./src/lib/i18n/i18n-context.tsx:72
[    1736ms] [WARNING] [i18n] Missing translation for key: "inmobiliaria.finance.renewals.statusSigned" in locale: "es" @ webpack-internal:///(app-pages-browser)/./src/lib/i18n/i18n-context.tsx:72
[    1736ms] [WARNING] [i18n] Missing translation for key: "inmobiliaria.finance.renewals.statusCompleted" in locale: "es" @ webpack-internal:///(app-pages-browser)/./src/lib/i18n/i18n-context.tsx:72
[    1736ms] [WARNING] [i18n] Missing translation for key: "inmobiliaria.finance.renewals.statusTerminated" in locale: "es" @ webpack-internal:///(app-pages-browser)/./src/lib/i18n/i18n-context.tsx:72
[    1736ms] [WARNING] [i18n] Missing translation for key: "inmobiliaria.finance.renewals.property" in locale: "es" @ webpack-internal:///(app-pages-browser)/./src/lib/i18n/i18n-context.tsx:72
[    1736ms] [WARNING] [i18n] Missing translation for key: "inmobiliaria.finance.renewals.tenant" in locale: "es" @ webpack-internal:///(app-pages-browser)/./src/lib/i18n/i18n-context.tsx:72
[    1736ms] [WARNING] [i18n] Missing translation for key: "inmobiliaria.finance.renewals.owner" in locale: "es" @ webpack-internal:///(app-pages-browser)/./src/lib/i18n/i18n-context.tsx:72
[    1736ms] [WARNING] [i18n] Missing translation for key: "inmobiliaria.finance.renewals.expiration" in locale: "es" @ webpack-internal:///(app-pages-browser)/./src/lib/i18n/i18n-context.tsx:72
[    1736ms] [WARNING] [i18n] Missing translation for key: "inmobiliaria.finance.renewals.days" in locale: "es" @ webpack-internal:///(app-pages-browser)/./src/lib/i18n/i18n-context.tsx:72
[    1736ms] [WARNING] [i18n] Missing translation for key: "inmobiliaria.finance.renewals.currentRent" in locale: "es" @ webpack-internal:///(app-pages-browser)/./src/lib/i18n/i18n-context.tsx:72
[    1736ms] [WARNING] [i18n] Missing translation for key: "inmobiliaria.finance.renewals.proposed" in locale: "es" @ webpack-internal:///(app-pages-browser)/./src/lib/i18n/i18n-context.tsx:72
[    1736ms] [WARNING] [i18n] Missing translation for key: "inmobiliaria.finance.renewals.status" in locale: "es" @ webpack-internal:///(app-pages-browser)/./src/lib/i18n/i18n-context.tsx:72
[    1736ms] [WARNING] [i18n] Missing translation for key: "inmobiliaria.finance.renewals.viewDetails" in locale: "es" @ webpack-internal:///(app-pages-browser)/./src/lib/i18n/i18n-context.tsx:72
[    1736ms] [WARNING] [i18n] Missing translation for key: "inmobiliaria.finance.renewals.calculateIPC" in locale: "es" @ webpack-internal:///(app-pages-browser)/./src/lib/i18n/i18n-context.tsx:72
[    1736ms] [WARNING] [i18n] Missing translation for key: "inmobiliaria.finance.renewals.viewHistory" in locale: "es" @ webpack-internal:///(app-pages-browser)/./src/lib/i18n/i18n-context.tsx:72
[   65134ms] [WARNING] [i18n] Missing translation for key: "inmobiliaria.finance.renewals.all" in locale: "es" @ webpack-internal:///(app-pages-browser)/./src/lib/i18n/i18n-context.tsx:72
[   65135ms] [WARNING] [i18n] Missing translation for key: "inmobiliaria.finance.renewals.critical" in locale: "es" @ webpack-internal:///(app-pages-browser)/./src/lib/i18n/i18n-context.tsx:72
[   65141ms] [WARNING] [i18n] Missing translation for key: "inmobiliaria.finance.renewals.all" in locale: "es" @ webpack-internal:///(app-pages-browser)/./src/lib/i18n/i18n-context.tsx:72
[   65141ms] [WARNING] [i18n] Missing translation for key: "inmobiliaria.finance.renewals.critical" in locale: "es" @ webpack-internal:///(app-pages-browser)/./src/lib/i18n/i18n-context.tsx:72
[  253741ms] [WARNING] [i18n] Missing translation for key: "inmobiliaria.finance.renewals.all" in locale: "es" @ webpack-internal:///(app-pages-browser)/./src/lib/i18n/i18n-context.tsx:72
[  253742ms] [WARNING] [i18n] Missing translation for key: "inmobiliaria.finance.renewals.critical" in locale: "es" @ webpack-internal:///(app-pages-browser)/./src/lib/i18n/i18n-context.tsx:72
[  253768ms] [WARNING] [i18n] Missing translation for key: "inmobiliaria.finance.renewals.all" in locale: "es" @ webpack-internal:///(app-pages-browser)/./src/lib/i18n/i18n-context.tsx:72
[  253768ms] [WARNING] [i18n] Missing translation for key: "inmobiliaria.finance.renewals.critical" in locale: "es" @ webpack-internal:///(app-pages-browser)/./src/lib/i18n/i18n-context.tsx:72
