[    3959ms] [ERROR] Unhandled Promise rejection: Cannot read properties of null (reading 'addEventListener') ; Zone: <root> ; Task: Promise.then ; Value: TypeError: Cannot read properties of null (reading 'addEventListener')
    at https://cdn.evgnet.com/beacon/segurosbolivar/cien_cuadras_prd/scripts/evergage.min.js:1098:90
    at N.invoke (https://www.ciencuadras.com/terms_conditions/polyfills.8537e92dcbd5207ec503.js:1:6529)
    at X.run (https://www.ciencuadras.com/terms_conditions/polyfills.8537e92dcbd5207ec503.js:1:1894)
    at https://www.ciencuadras.com/terms_conditions/polyfills.8537e92dcbd5207ec503.js:1:16810
    at N.invokeTask (https://www.ciencuadras.com/terms_conditions/polyfills.8537e92dcbd5207ec503.js:1:7147)
    at X.runTask (https://www.ciencuadras.com/terms_conditions/polyfills.8537e92dcbd5207ec503.js:1:2525)
    at y (https://www.ciencuadras.com/terms_conditions/polyfills.8537e92dcbd5207ec503.js:1:9181) TypeError: Cannot read properties of null (reading 'addEventListener')
    at https://cdn.evgnet.com/beacon/segurosbolivar/cien_cuadras_prd/scripts/evergage.min.js:1098:90
    at N.invoke (https://www.ciencuadras.com/terms_conditions/polyfills.8537e92dcbd5207ec503.js:1:6529)
    at X.run (https://www.ciencuadras.com/terms_conditions/polyfills.8537e92dcbd5207ec503.js:1:1894)
    at https://www.ciencuadras.com/terms_conditions/polyfills.8537e92dcbd5207ec503.js:1:16810
    at N.invokeTask (https://www.ciencuadras.com/terms_conditions/polyfills.8537e92dcbd5207ec503.js:1:7147)
    at X.runTask (https://www.ciencuadras.com/terms_conditions/polyfills.8537e92dcbd5207ec503.js:1:2525)
    at y (https://www.ciencuadras.com/terms_conditions/polyfills.8537e92dcbd5207ec503.js:1:9181) @ https://www.ciencuadras.com/terms_conditions/6001.50fb4ba5b48a58ecab2f.js:0
[    3973ms] Uncaught (in promise) TypeError: Cannot read properties of null (reading 'addEventListener')
    at <anonymous> (https://cdn.evgnet.com/beacon/segurosbolivar/cien_cuadras_prd/scripts/evergage.min.js:1097:89)
    at invoke (https://www.ciencuadras.com/terms_conditions/polyfills.8537e92dcbd5207ec503.js:0:6528)
    at run (https://www.ciencuadras.com/terms_conditions/polyfills.8537e92dcbd5207ec503.js:0:1893)
    at <anonymous> (https://www.ciencuadras.com/terms_conditions/polyfills.8537e92dcbd5207ec503.js:0:16809)
    at invokeTask (https://www.ciencuadras.com/terms_conditions/polyfills.8537e92dcbd5207ec503.js:0:7146)
    at runTask (https://www.ciencuadras.com/terms_conditions/polyfills.8537e92dcbd5207ec503.js:0:2524)
    at y (https://www.ciencuadras.com/terms_conditions/polyfills.8537e92dcbd5207ec503.js:0:9180)
[    3961ms] [WARNING] The resource https://www.ciencuadras.com/sources/images/default-image.png was preloaded using link preload but not used within a few seconds from the window's load event. Please make sure it has an appropriate `as` value and it is preloaded intentionally. @ https://www.ciencuadras.com/terminos-y-condiciones:0
[    4020ms] [WARNING] [Meta Pixel] - You are sending a non-standard event 'pageview'. The preferred way to send these events is using trackCustom. See 'https://developers.facebook.com/docs/ads-for-websites/pixel-events/#events' for more information. @ https://connect.facebook.net/en_US/fbevents.js:175
[    4023ms] [WARNING] [Meta Pixel] - Invalid parameter format for value. Please refer https://developers.facebook.com/docs/meta-pixel/reference/ for valid parameter specifications. @ https://connect.facebook.net/en_US/fbevents.js:175
[    8574ms] [WARNING] The resource https://www.ciencuadras.com/sources/images/default-image.png was preloaded using link preload but not used within a few seconds from the window's load event. Please make sure it has an appropriate `as` value and it is preloaded intentionally. @ https://www.ciencuadras.com/terminos-y-condiciones:0
[   11917ms] [WARNING] The resource https://www.ciencuadras.com/sources/images/default-image.png was preloaded using link preload but not used within a few seconds from the window's load event. Please make sure it has an appropriate `as` value and it is preloaded intentionally. @ https://www.ciencuadras.com/terminos-y-condiciones:0
[   17703ms] [WARNING] The resource https://www.ciencuadras.com/sources/images/default-image.png was preloaded using link preload but not used within a few seconds from the window's load event. Please make sure it has an appropriate `as` value and it is preloaded intentionally. @ https://www.ciencuadras.com/terminos-y-condiciones:0
[   30342ms] [WARNING] The resource https://www.ciencuadras.com/sources/images/default-image.png was preloaded using link preload but not used within a few seconds from the window's load event. Please make sure it has an appropriate `as` value and it is preloaded intentionally. @ https://www.ciencuadras.com/terminos-y-condiciones:0
[   37163ms] [WARNING] The resource https://www.ciencuadras.com/sources/images/default-image.png was preloaded using link preload but not used within a few seconds from the window's load event. Please make sure it has an appropriate `as` value and it is preloaded intentionally. @ https://www.ciencuadras.com/terminos-y-condiciones:0
[   47167ms] [WARNING] The resource https://www.ciencuadras.com/sources/images/default-image.png was preloaded using link preload but not used within a few seconds from the window's load event. Please make sure it has an appropriate `as` value and it is preloaded intentionally. @ https://www.ciencuadras.com/terminos-y-condiciones:0
