[     614ms] [WARNING] [Supabase] Missing NEXT_PUBLIC_SUPABASE_URL or NEXT_PUBLIC_SUPABASE_ANON_KEY — running without Supabase @ webpack-internal:///(app-pages-browser)/./src/lib/supabase/client.ts:17
[     615ms] [WARNING] [Supabase] Missing NEXT_PUBLIC_SUPABASE_URL or NEXT_PUBLIC_SUPABASE_ANON_KEY — running without Supabase @ webpack-internal:///(app-pages-browser)/./src/lib/supabase/client.ts:17
[     615ms] [WARNING] [Auth] Supabase not configured — running without authentication @ webpack-internal:///(app-pages-browser)/./src/lib/auth/auth-context.tsx:117
[     619ms] [WARNING] [Supabase] Missing NEXT_PUBLIC_SUPABASE_URL or NEXT_PUBLIC_SUPABASE_ANON_KEY — running without Supabase @ webpack-internal:///(app-pages-browser)/./src/lib/supabase/client.ts:17
[     619ms] [WARNING] [Supabase] Missing NEXT_PUBLIC_SUPABASE_URL or NEXT_PUBLIC_SUPABASE_ANON_KEY — running without Supabase @ webpack-internal:///(app-pages-browser)/./src/lib/supabase/client.ts:17
[     619ms] [WARNING] [Auth] Supabase not configured — running without authentication @ webpack-internal:///(app-pages-browser)/./src/lib/auth/auth-context.tsx:117
[     696ms] [ERROR] Failed to load resource: net::ERR_CONNECTION_REFUSED @ http://localhost:3000/notifications:0
[     697ms] [ERROR] Failed to load resource: net::ERR_CONNECTION_REFUSED @ http://localhost:3000/notifications:0
[     697ms] [ERROR] Failed to load resource: net::ERR_CONNECTION_REFUSED @ http://localhost:3000/subscriptions/me:0
[     697ms] [ERROR] Failed to load resource: net::ERR_CONNECTION_REFUSED @ http://localhost:3000/inmobiliaria/analytics/kpis:0
[     697ms] [ERROR] Failed to load resource: net::ERR_CONNECTION_REFUSED @ http://localhost:3000/inmobiliaria/agentes:0
[     697ms] [ERROR] Failed to load resource: net::ERR_CONNECTION_REFUSED @ http://localhost:3000/inmobiliaria/pipeline:0
[     697ms] [ERROR] Failed to load resource: net::ERR_CONNECTION_REFUSED @ http://localhost:3000/inmobiliaria/cobros:0
[     697ms] [ERROR] Failed to load resource: net::ERR_CONNECTION_REFUSED @ http://localhost:3000/inmobiliaria/mantenimiento:0
[     697ms] [ERROR] Failed to load resource: net::ERR_CONNECTION_REFUSED @ http://localhost:3000/notifications:0
[     697ms] [ERROR] Failed to load resource: net::ERR_CONNECTION_REFUSED @ http://localhost:3000/notifications:0
[     697ms] [ERROR] Failed to load resource: net::ERR_CONNECTION_REFUSED @ http://localhost:3000/subscriptions/me:0
[     697ms] [ERROR] Failed to load resource: net::ERR_CONNECTION_REFUSED @ http://localhost:3000/inmobiliaria/analytics/kpis:0
[     697ms] [ERROR] Failed to load resource: net::ERR_CONNECTION_REFUSED @ http://localhost:3000/inmobiliaria/agentes:0
[     697ms] [ERROR] Failed to load resource: net::ERR_CONNECTION_REFUSED @ http://localhost:3000/inmobiliaria/pipeline:0
[     697ms] [ERROR] Failed to load resource: net::ERR_CONNECTION_REFUSED @ http://localhost:3000/inmobiliaria/cobros:0
[     697ms] [ERROR] Failed to load resource: net::ERR_CONNECTION_REFUSED @ http://localhost:3000/inmobiliaria/mantenimiento:0
[     701ms] [ERROR] Failed to load resource: the server responded with a status of 500 (Internal Server Error) @ http://localhost:3001/api/agents/activity?limit=20:0
[     703ms] [ERROR] Failed to load resource: the server responded with a status of 500 (Internal Server Error) @ http://localhost:3001/api/agents/activity?limit=20:0
[   30678ms] [ERROR] Failed to load resource: the server responded with a status of 500 (Internal Server Error) @ http://localhost:3001/api/agents/activity?limit=20:0
[   60710ms] [ERROR] Failed to load resource: the server responded with a status of 500 (Internal Server Error) @ http://localhost:3001/api/agents/activity?limit=20:0
[   90686ms] [ERROR] Failed to load resource: the server responded with a status of 500 (Internal Server Error) @ http://localhost:3001/api/agents/activity?limit=20:0
[  120604ms] [WARNING] [Supabase] Missing NEXT_PUBLIC_SUPABASE_URL or NEXT_PUBLIC_SUPABASE_ANON_KEY — running without Supabase @ webpack-internal:///(app-pages-browser)/./src/lib/supabase/client.ts:17
[  120604ms] [WARNING] [Supabase] Missing NEXT_PUBLIC_SUPABASE_URL or NEXT_PUBLIC_SUPABASE_ANON_KEY — running without Supabase @ webpack-internal:///(app-pages-browser)/./src/lib/supabase/client.ts:17
[  120604ms] [WARNING] [Auth] Supabase not configured — running without authentication @ webpack-internal:///(app-pages-browser)/./src/lib/auth/auth-context.tsx:117
[  120607ms] [WARNING] [Supabase] Missing NEXT_PUBLIC_SUPABASE_URL or NEXT_PUBLIC_SUPABASE_ANON_KEY — running without Supabase @ webpack-internal:///(app-pages-browser)/./src/lib/supabase/client.ts:17
[  120607ms] [WARNING] [Supabase] Missing NEXT_PUBLIC_SUPABASE_URL or NEXT_PUBLIC_SUPABASE_ANON_KEY — running without Supabase @ webpack-internal:///(app-pages-browser)/./src/lib/supabase/client.ts:17
[  120607ms] [WARNING] [Auth] Supabase not configured — running without authentication @ webpack-internal:///(app-pages-browser)/./src/lib/auth/auth-context.tsx:117
[  120656ms] [ERROR] Failed to load resource: net::ERR_CONNECTION_REFUSED @ http://localhost:3000/notifications:0
[  120656ms] [ERROR] Failed to load resource: net::ERR_CONNECTION_REFUSED @ http://localhost:3000/notifications:0
[  120656ms] [ERROR] Failed to load resource: net::ERR_CONNECTION_REFUSED @ http://localhost:3000/subscriptions/me:0
[  120656ms] [ERROR] Failed to load resource: net::ERR_CONNECTION_REFUSED @ http://localhost:3000/inmobiliaria/analytics/kpis:0
[  120656ms] [ERROR] Failed to load resource: net::ERR_CONNECTION_REFUSED @ http://localhost:3000/inmobiliaria/agentes:0
[  120656ms] [ERROR] Failed to load resource: net::ERR_CONNECTION_REFUSED @ http://localhost:3000/inmobiliaria/pipeline:0
[  120656ms] [ERROR] Failed to load resource: net::ERR_CONNECTION_REFUSED @ http://localhost:3000/inmobiliaria/cobros:0
[  120656ms] [ERROR] Failed to load resource: net::ERR_CONNECTION_REFUSED @ http://localhost:3000/inmobiliaria/mantenimiento:0
[  120656ms] [ERROR] Failed to load resource: net::ERR_CONNECTION_REFUSED @ http://localhost:3000/notifications:0
[  120656ms] [ERROR] Failed to load resource: net::ERR_CONNECTION_REFUSED @ http://localhost:3000/notifications:0
[  120656ms] [ERROR] Failed to load resource: net::ERR_CONNECTION_REFUSED @ http://localhost:3000/subscriptions/me:0
[  120656ms] [ERROR] Failed to load resource: net::ERR_CONNECTION_REFUSED @ http://localhost:3000/inmobiliaria/analytics/kpis:0
[  120656ms] [ERROR] Failed to load resource: net::ERR_CONNECTION_REFUSED @ http://localhost:3000/inmobiliaria/agentes:0
[  120656ms] [ERROR] Failed to load resource: net::ERR_CONNECTION_REFUSED @ http://localhost:3000/inmobiliaria/pipeline:0
[  120656ms] [ERROR] Failed to load resource: net::ERR_CONNECTION_REFUSED @ http://localhost:3000/inmobiliaria/cobros:0
[  120656ms] [ERROR] Failed to load resource: net::ERR_CONNECTION_REFUSED @ http://localhost:3000/inmobiliaria/mantenimiento:0
[  120660ms] [ERROR] Failed to load resource: the server responded with a status of 500 (Internal Server Error) @ http://localhost:3001/api/agents/activity?limit=20:0
[  120660ms] [ERROR] Failed to load resource: the server responded with a status of 500 (Internal Server Error) @ http://localhost:3001/api/agents/activity?limit=20:0
[  150655ms] [ERROR] Failed to load resource: the server responded with a status of 500 (Internal Server Error) @ http://localhost:3001/api/agents/activity?limit=20:0
[  180655ms] [ERROR] Failed to load resource: the server responded with a status of 500 (Internal Server Error) @ http://localhost:3001/api/agents/activity?limit=20:0
[  202355ms] [ERROR] Failed to load resource: net::ERR_CONNECTION_REFUSED @ http://localhost:3000/inmobiliaria/analytics/kpis:0
[  202355ms] [ERROR] Failed to load resource: net::ERR_CONNECTION_REFUSED @ http://localhost:3000/inmobiliaria/agentes:0
[  202355ms] [ERROR] Failed to load resource: net::ERR_CONNECTION_REFUSED @ http://localhost:3000/inmobiliaria/pipeline:0
[  202355ms] [ERROR] Failed to load resource: net::ERR_CONNECTION_REFUSED @ http://localhost:3000/inmobiliaria/cobros:0
[  202355ms] [ERROR] Failed to load resource: net::ERR_CONNECTION_REFUSED @ http://localhost:3000/inmobiliaria/mantenimiento:0
[  203360ms] [ERROR] Failed to load resource: the server responded with a status of 500 (Internal Server Error) @ http://localhost:3001/api/agents/activity?limit=20:0
[  230964ms] [ERROR] Failed to load resource: net::ERR_CONNECTION_REFUSED @ http://localhost:3000/inmobiliaria/analytics/kpis:0
[  230965ms] [ERROR] Failed to load resource: net::ERR_CONNECTION_REFUSED @ http://localhost:3000/inmobiliaria/agentes:0
[  230965ms] [ERROR] Failed to load resource: net::ERR_CONNECTION_REFUSED @ http://localhost:3000/inmobiliaria/pipeline:0
[  230965ms] [ERROR] Failed to load resource: net::ERR_CONNECTION_REFUSED @ http://localhost:3000/inmobiliaria/cobros:0
[  230965ms] [ERROR] Failed to load resource: net::ERR_CONNECTION_REFUSED @ http://localhost:3000/inmobiliaria/mantenimiento:0
[  232857ms] [ERROR] Failed to load resource: the server responded with a status of 500 (Internal Server Error) @ http://localhost:3001/api/agents/activity?limit=20:0
