[ 3497848ms] [ERROR] ./node_modules/.pnpm/next@14.2.21_react-dom@18.3.1_react@18.3.1__react@18.3.1/node_modules/next/font/google/target.css?{"path":"src/app/layout.tsx","import":"DM_Mono","arguments":[{"variable":"--font-mono","subsets":["latin"],"weight":["400","500"]}],"variableName":"dmMono"}
Error: You forgot to add 'mini-css-extract-plugin' plugin (i.e. `{ plugins: [new MiniCssExtractPlugin()] }`), please read https://github.com/webpack-contrib/mini-css-extract-plugin#getting-started
Import trace for requested module:
./node_modules/.pnpm/next@14.2.21_react-dom@18.3.1_react@18.3.1__react@18.3.1/node_modules/next/font/google/target.css?{"path":"src/app/layout.tsx","import":"DM_Mono","arguments":[{"variable":"--font-mono","subsets":["latin"],"weight":["400","500"]}],"variableName":"dmMono"} @ webpack-internal:///(app-pages-browser)/./node_modules/next/dist/client/app-index.js:32
[ 3497848ms] [ERROR] ./node_modules/.pnpm/next@14.2.21_react-dom@18.3.1_react@18.3.1__react@18.3.1/node_modules/next/font/google/target.css?{"path":"src/app/layout.tsx","import":"DM_Sans","arguments":[{"variable":"--font-sans","subsets":["latin"]}],"variableName":"dmSans"}
Error: You forgot to add 'mini-css-extract-plugin' plugin (i.e. `{ plugins: [new MiniCssExtractPlugin()] }`), please read https://github.com/webpack-contrib/mini-css-extract-plugin#getting-started
Import trace for requested module:
./node_modules/.pnpm/next@14.2.21_react-dom@18.3.1_react@18.3.1__react@18.3.1/node_modules/next/font/google/target.css?{"path":"src/app/layout.tsx","import":"DM_Sans","arguments":[{"variable":"--font-sans","subsets":["latin"]}],"variableName":"dmSans"} @ webpack-internal:///(app-pages-browser)/./node_modules/next/dist/client/app-index.js:32
[ 3497849ms] [ERROR] ./node_modules/.pnpm/next@14.2.21_react-dom@18.3.1_react@18.3.1__react@18.3.1/node_modules/next/font/google/target.css?{"path":"src/app/layout.tsx","import":"Manrope","arguments":[{"variable":"--font-heading","subsets":["latin"]}],"variableName":"manrope"}
Error: You forgot to add 'mini-css-extract-plugin' plugin (i.e. `{ plugins: [new MiniCssExtractPlugin()] }`), please read https://github.com/webpack-contrib/mini-css-extract-plugin#getting-started
Import trace for requested module:
./node_modules/.pnpm/next@14.2.21_react-dom@18.3.1_react@18.3.1__react@18.3.1/node_modules/next/font/google/target.css?{"path":"src/app/layout.tsx","import":"Manrope","arguments":[{"variable":"--font-heading","subsets":["latin"]}],"variableName":"manrope"} @ webpack-internal:///(app-pages-browser)/./node_modules/next/dist/client/app-index.js:32
[ 3497849ms] [ERROR] ./src/app/globals.css
Error: You forgot to add 'mini-css-extract-plugin' plugin (i.e. `{ plugins: [new MiniCssExtractPlugin()] }`), please read https://github.com/webpack-contrib/mini-css-extract-plugin#getting-started
Import trace for requested module:
./src/app/globals.css @ webpack-internal:///(app-pages-browser)/./node_modules/next/dist/client/app-index.js:32
[ 4191966ms] [ERROR] ./node_modules/.pnpm/next@14.2.21_react-dom@18.3.1_react@18.3.1__react@18.3.1/node_modules/next/font/google/target.css?{"path":"src/app/layout.tsx","import":"DM_Mono","arguments":[{"variable":"--font-mono","subsets":["latin"],"weight":["400","500"]}],"variableName":"dmMono"}
Error: You forgot to add 'mini-css-extract-plugin' plugin (i.e. `{ plugins: [new MiniCssExtractPlugin()] }`), please read https://github.com/webpack-contrib/mini-css-extract-plugin#getting-started
Import trace for requested module:
./node_modules/.pnpm/next@14.2.21_react-dom@18.3.1_react@18.3.1__react@18.3.1/node_modules/next/font/google/target.css?{"path":"src/app/layout.tsx","import":"DM_Mono","arguments":[{"variable":"--font-mono","subsets":["latin"],"weight":["400","500"]}],"variableName":"dmMono"} @ webpack-internal:///(app-pages-browser)/./node_modules/next/dist/client/app-index.js:32
[ 4191968ms] [ERROR] ./node_modules/.pnpm/next@14.2.21_react-dom@18.3.1_react@18.3.1__react@18.3.1/node_modules/next/font/google/target.css?{"path":"src/app/layout.tsx","import":"DM_Sans","arguments":[{"variable":"--font-sans","subsets":["latin"]}],"variableName":"dmSans"}
Error: You forgot to add 'mini-css-extract-plugin' plugin (i.e. `{ plugins: [new MiniCssExtractPlugin()] }`), please read https://github.com/webpack-contrib/mini-css-extract-plugin#getting-started
Import trace for requested module:
./node_modules/.pnpm/next@14.2.21_react-dom@18.3.1_react@18.3.1__react@18.3.1/node_modules/next/font/google/target.css?{"path":"src/app/layout.tsx","import":"DM_Sans","arguments":[{"variable":"--font-sans","subsets":["latin"]}],"variableName":"dmSans"} @ webpack-internal:///(app-pages-browser)/./node_modules/next/dist/client/app-index.js:32
[ 4191970ms] [ERROR] ./node_modules/.pnpm/next@14.2.21_react-dom@18.3.1_react@18.3.1__react@18.3.1/node_modules/next/font/google/target.css?{"path":"src/app/layout.tsx","import":"Manrope","arguments":[{"variable":"--font-heading","subsets":["latin"]}],"variableName":"manrope"}
Error: You forgot to add 'mini-css-extract-plugin' plugin (i.e. `{ plugins: [new MiniCssExtractPlugin()] }`), please read https://github.com/webpack-contrib/mini-css-extract-plugin#getting-started
Import trace for requested module:
./node_modules/.pnpm/next@14.2.21_react-dom@18.3.1_react@18.3.1__react@18.3.1/node_modules/next/font/google/target.css?{"path":"src/app/layout.tsx","import":"Manrope","arguments":[{"variable":"--font-heading","subsets":["latin"]}],"variableName":"manrope"} @ webpack-internal:///(app-pages-browser)/./node_modules/next/dist/client/app-index.js:32
[ 4191970ms] [ERROR] ./src/app/globals.css
Error: You forgot to add 'mini-css-extract-plugin' plugin (i.e. `{ plugins: [new MiniCssExtractPlugin()] }`), please read https://github.com/webpack-contrib/mini-css-extract-plugin#getting-started
Import trace for requested module:
./src/app/globals.css @ webpack-internal:///(app-pages-browser)/./node_modules/next/dist/client/app-index.js:32
[ 4191970ms] [ERROR] ./src/lib/i18n/use-translation.ts
Error: Failed to read source code from /Users/nicolasgarcia/rent/mvp/src/lib/i18n/use-translation.ts

Caused by:
    No such file or directory (os error 2)

Import trace for requested module:
./src/lib/i18n/use-translation.ts @ webpack-internal:///(app-pages-browser)/./node_modules/next/dist/client/app-index.js:32
[ 4194924ms] [ERROR] ./node_modules/.pnpm/next@14.2.21_react-dom@18.3.1_react@18.3.1__react@18.3.1/node_modules/next/font/google/target.css?{"path":"src/app/layout.tsx","import":"DM_Mono","arguments":[{"variable":"--font-mono","subsets":["latin"],"weight":["400","500"]}],"variableName":"dmMono"}
Error: You forgot to add 'mini-css-extract-plugin' plugin (i.e. `{ plugins: [new MiniCssExtractPlugin()] }`), please read https://github.com/webpack-contrib/mini-css-extract-plugin#getting-started
Import trace for requested module:
./node_modules/.pnpm/next@14.2.21_react-dom@18.3.1_react@18.3.1__react@18.3.1/node_modules/next/font/google/target.css?{"path":"src/app/layout.tsx","import":"DM_Mono","arguments":[{"variable":"--font-mono","subsets":["latin"],"weight":["400","500"]}],"variableName":"dmMono"} @ webpack-internal:///(app-pages-browser)/./node_modules/next/dist/client/app-index.js:32
[ 4194925ms] [ERROR] ./node_modules/.pnpm/next@14.2.21_react-dom@18.3.1_react@18.3.1__react@18.3.1/node_modules/next/font/google/target.css?{"path":"src/app/layout.tsx","import":"DM_Sans","arguments":[{"variable":"--font-sans","subsets":["latin"]}],"variableName":"dmSans"}
Error: You forgot to add 'mini-css-extract-plugin' plugin (i.e. `{ plugins: [new MiniCssExtractPlugin()] }`), please read https://github.com/webpack-contrib/mini-css-extract-plugin#getting-started
Import trace for requested module:
./node_modules/.pnpm/next@14.2.21_react-dom@18.3.1_react@18.3.1__react@18.3.1/node_modules/next/font/google/target.css?{"path":"src/app/layout.tsx","import":"DM_Sans","arguments":[{"variable":"--font-sans","subsets":["latin"]}],"variableName":"dmSans"} @ webpack-internal:///(app-pages-browser)/./node_modules/next/dist/client/app-index.js:32
[ 4194925ms] [ERROR] ./node_modules/.pnpm/next@14.2.21_react-dom@18.3.1_react@18.3.1__react@18.3.1/node_modules/next/font/google/target.css?{"path":"src/app/layout.tsx","import":"Manrope","arguments":[{"variable":"--font-heading","subsets":["latin"]}],"variableName":"manrope"}
Error: You forgot to add 'mini-css-extract-plugin' plugin (i.e. `{ plugins: [new MiniCssExtractPlugin()] }`), please read https://github.com/webpack-contrib/mini-css-extract-plugin#getting-started
Import trace for requested module:
./node_modules/.pnpm/next@14.2.21_react-dom@18.3.1_react@18.3.1__react@18.3.1/node_modules/next/font/google/target.css?{"path":"src/app/layout.tsx","import":"Manrope","arguments":[{"variable":"--font-heading","subsets":["latin"]}],"variableName":"manrope"} @ webpack-internal:///(app-pages-browser)/./node_modules/next/dist/client/app-index.js:32
[ 4194925ms] [ERROR] ./src/app/globals.css
Error: You forgot to add 'mini-css-extract-plugin' plugin (i.e. `{ plugins: [new MiniCssExtractPlugin()] }`), please read https://github.com/webpack-contrib/mini-css-extract-plugin#getting-started
Import trace for requested module:
./src/app/globals.css @ webpack-internal:///(app-pages-browser)/./node_modules/next/dist/client/app-index.js:32
[ 4211177ms] [ERROR] ./node_modules/.pnpm/next@14.2.21_react-dom@18.3.1_react@18.3.1__react@18.3.1/node_modules/next/font/google/target.css?{"path":"src/app/layout.tsx","import":"DM_Mono","arguments":[{"variable":"--font-mono","subsets":["latin"],"weight":["400","500"]}],"variableName":"dmMono"}
Error: You forgot to add 'mini-css-extract-plugin' plugin (i.e. `{ plugins: [new MiniCssExtractPlugin()] }`), please read https://github.com/webpack-contrib/mini-css-extract-plugin#getting-started
Import trace for requested module:
./node_modules/.pnpm/next@14.2.21_react-dom@18.3.1_react@18.3.1__react@18.3.1/node_modules/next/font/google/target.css?{"path":"src/app/layout.tsx","import":"DM_Mono","arguments":[{"variable":"--font-mono","subsets":["latin"],"weight":["400","500"]}],"variableName":"dmMono"} @ webpack-internal:///(app-pages-browser)/./node_modules/next/dist/client/app-index.js:32
[ 4211178ms] [ERROR] ./node_modules/.pnpm/next@14.2.21_react-dom@18.3.1_react@18.3.1__react@18.3.1/node_modules/next/font/google/target.css?{"path":"src/app/layout.tsx","import":"DM_Sans","arguments":[{"variable":"--font-sans","subsets":["latin"]}],"variableName":"dmSans"}
Error: You forgot to add 'mini-css-extract-plugin' plugin (i.e. `{ plugins: [new MiniCssExtractPlugin()] }`), please read https://github.com/webpack-contrib/mini-css-extract-plugin#getting-started
Import trace for requested module:
./node_modules/.pnpm/next@14.2.21_react-dom@18.3.1_react@18.3.1__react@18.3.1/node_modules/next/font/google/target.css?{"path":"src/app/layout.tsx","import":"DM_Sans","arguments":[{"variable":"--font-sans","subsets":["latin"]}],"variableName":"dmSans"} @ webpack-internal:///(app-pages-browser)/./node_modules/next/dist/client/app-index.js:32
[ 4211178ms] [ERROR] ./node_modules/.pnpm/next@14.2.21_react-dom@18.3.1_react@18.3.1__react@18.3.1/node_modules/next/font/google/target.css?{"path":"src/app/layout.tsx","import":"Manrope","arguments":[{"variable":"--font-heading","subsets":["latin"]}],"variableName":"manrope"}
Error: You forgot to add 'mini-css-extract-plugin' plugin (i.e. `{ plugins: [new MiniCssExtractPlugin()] }`), please read https://github.com/webpack-contrib/mini-css-extract-plugin#getting-started
Import trace for requested module:
./node_modules/.pnpm/next@14.2.21_react-dom@18.3.1_react@18.3.1__react@18.3.1/node_modules/next/font/google/target.css?{"path":"src/app/layout.tsx","import":"Manrope","arguments":[{"variable":"--font-heading","subsets":["latin"]}],"variableName":"manrope"} @ webpack-internal:///(app-pages-browser)/./node_modules/next/dist/client/app-index.js:32
[ 4211178ms] [ERROR] ./src/app/globals.css
Error: You forgot to add 'mini-css-extract-plugin' plugin (i.e. `{ plugins: [new MiniCssExtractPlugin()] }`), please read https://github.com/webpack-contrib/mini-css-extract-plugin#getting-started
Import trace for requested module:
./src/app/globals.css @ webpack-internal:///(app-pages-browser)/./node_modules/next/dist/client/app-index.js:32
[ 4243310ms] [ERROR] Failed to load resource: the server responded with a status of 500 (Internal Server Error) @ http://localhost:3000/panel/inmobiliaria/beta?_rsc=u459m:0
[ 4243383ms] [ERROR] Failed to load resource: the server responded with a status of 500 (Internal Server Error) @ http://localhost:3000/panel/inmobiliaria/beta?_rsc=u459m:0
[ 4243403ms] [ERROR] Failed to load resource: the server responded with a status of 500 (Internal Server Error) @ http://localhost:3000/panel/inmobiliaria/beta?_rsc=u459m:0
[ 4243721ms] [ERROR] Failed to load resource: the server responded with a status of 500 (Internal Server Error) @ http://localhost:3000/panel/inmobiliaria/beta:0
[ 4244561ms] ModuleBuildError: Module build failed (from ./node_modules/.pnpm/next@14.2.21_react-dom@18.3.1_react@18.3.1__react@18.3.1/node_modules/next/dist/compiled/mini-css-extract-plugin/loader.js):
Error: You forgot to add 'mini-css-extract-plugin' plugin (i.e. `{ plugins: [new MiniCssExtractPlugin()] }`), please read https://github.com/webpack-contrib/mini-css-extract-plugin#getting-started
    at Object.pitch (/Users/nicolasgarcia/rent/mvp/node_modules/.pnpm/next@14.2.21_react-dom@18.3.1_react@18.3.1__react@18.3.1/node_modules/next/dist/compiled/mini-css-extract-plugin/loader.js:1:5197)
    at Object.pitch (/Users/nicolasgarcia/rent/mvp/node_modules/.pnpm/next@14.2.21_react-dom@18.3.1_react@18.3.1__react@18.3.1/node_modules/next/dist/compiled/mini-css-extract-plugin/loader.js:1:5197)
    at Object.pitch (file:///Users/nicolasgarcia/rent/mvp/node_modules/.pnpm/next@14.2.21_react-dom@18.3.1_react@18.3.1__react@18.3.1/node_modules/next/dist/compiled/mini-css-extract-plugin/loader.js:1:5197)
    at processResult (file:///Users/nicolasgarcia/rent/mvp/node_modules/next/dist/compiled/webpack/bundle5.js:28:400590)
    at <unknown> (file:///Users/nicolasgarcia/rent/mvp/node_modules/next/dist/compiled/webpack/bundle5.js:28:402302)
    at <unknown> (file:///Users/nicolasgarcia/rent/mvp/node_modules/next/dist/compiled/loader-runner/LoaderRunner.js:1:8645)
    at <unknown> (file:///Users/nicolasgarcia/rent/mvp/node_modules/next/dist/compiled/loader-runner/LoaderRunner.js:1:5019)
    at r.callback (file:///Users/nicolasgarcia/rent/mvp/node_modules/next/dist/compiled/loader-runner/LoaderRunner.js:1:4039)
    at Object.pitch (file:///Users/nicolasgarcia/rent/mvp/node_modules/.pnpm/next@14.2.21_react-dom@18.3.1_react@18.3.1__react@18.3.1/node_modules/next/dist/compiled/mini-css-extract-plugin/loader.js:1:5195)
    at LOADER_EXECUTION (file:///Users/nicolasgarcia/rent/mvp/node_modules/next/dist/compiled/loader-runner/LoaderRunner.js:1:4134)
    at runSyncOrAsync (file:///Users/nicolasgarcia/rent/mvp/node_modules/next/dist/compiled/loader-runner/LoaderRunner.js:1:4145)
    at <unknown> (file:///Users/nicolasgarcia/rent/mvp/node_modules/next/dist/compiled/loader-runner/LoaderRunner.js:1:4926)
    at handleResult (file:///Users/nicolasgarcia/rent/mvp/node_modules/next/dist/compiled/loader-runner/LoaderRunner.js:1:1424)
    at loadLoader (file:///Users/nicolasgarcia/rent/mvp/node_modules/next/dist/compiled/loader-runner/LoaderRunner.js:1:963)
    at iteratePitchingLoaders (file:///Users/nicolasgarcia/rent/mvp/node_modules/next/dist/compiled/loader-runner/LoaderRunner.js:1:4794)
    at iteratePitchingLoaders (file:///Users/nicolasgarcia/rent/mvp/node_modules/next/dist/compiled/loader-runner/LoaderRunner.js:1:4764)
    at <unknown> (file:///Users/nicolasgarcia/rent/mvp/node_modules/next/dist/compiled/loader-runner/LoaderRunner.js:1:4896)
    at handleResult (file:///Users/nicolasgarcia/rent/mvp/node_modules/next/dist/compiled/loader-runner/LoaderRunner.js:1:1424)
    at loadLoader (file:///Users/nicolasgarcia/rent/mvp/node_modules/next/dist/compiled/loader-runner/LoaderRunner.js:1:963)
    at iteratePitchingLoaders (file:///Users/nicolasgarcia/rent/mvp/node_modules/next/dist/compiled/loader-runner/LoaderRunner.js:1:4794)
    at runLoaders (file:///Users/nicolasgarcia/rent/mvp/node_modules/next/dist/compiled/loader-runner/LoaderRunner.js:1:8590)
    at NormalModule._doBuild (file:///Users/nicolasgarcia/rent/mvp/node_modules/next/dist/compiled/webpack/bundle5.js:28:401544)
    at NormalModule.build (file:///Users/nicolasgarcia/rent/mvp/node_modules/next/dist/compiled/webpack/bundle5.js:28:403572)
    at <unknown> (file:///Users/nicolasgarcia/rent/mvp/node_modules/next/dist/compiled/webpack/bundle5.js:28:82055)
    at NormalModule.needBuild (file:///Users/nicolasgarcia/rent/mvp/node_modules/next/dist/compiled/webpack/bundle5.js:28:407704)
    at Compilation._buildModule (file:///Users/nicolasgarcia/rent/mvp/node_modules/next/dist/compiled/webpack/bundle5.js:28:81772)
    at <unknown> (file:///Users/nicolasgarcia/rent/mvp/node_modules/next/dist/compiled/webpack/bundle5.js:28:1332896)
    at Hook.eval [as callAsync] (file:///Users/nicolasgarcia/rent/mvp/node_modules/next/dist/compiled/webpack/bundle5.js:13:28858)
    at AsyncQueue._startProcessing (file:///Users/nicolasgarcia/rent/mvp/node_modules/next/dist/compiled/webpack/bundle5.js:28:1332767)
    at AsyncQueue._ensureProcessing (file:///Users/nicolasgarcia/rent/mvp/node_modules/next/dist/compiled/webpack/bundle5.js:28:1332616)
    at process.processImmediate (node:internal/timers:504:21)
[ 4244558ms] [ERROR] ./node_modules/.pnpm/next@14.2.21_react-dom@18.3.1_react@18.3.1__react@18.3.1/node_modules/next/font/google/target.css?{"path":"src/app/layout.tsx","import":"DM_Mono","arguments":[{"variable":"--font-mono","subsets":["latin"],"weight":["400","500"]}],"variableName":"dmMono"}
Error: You forgot to add 'mini-css-extract-plugin' plugin (i.e. `{ plugins: [new MiniCssExtractPlugin()] }`), please read https://github.com/webpack-contrib/mini-css-extract-plugin#getting-started @ webpack-internal:///./node_modules/.pnpm/next@14.2.21_react-dom@18.3.1_react@18.3.1__react@18.3.1/node_modules/next/dist/client/components/react-dev-overlay/internal/helpers/hydration-error-info.js:62
[ 4244558ms] [ERROR] ./node_modules/.pnpm/next@14.2.21_react-dom@18.3.1_react@18.3.1__react@18.3.1/node_modules/next/font/google/target.css?{"path":"src/app/layout.tsx","import":"DM_Sans","arguments":[{"variable":"--font-sans","subsets":["latin"]}],"variableName":"dmSans"}
Error: You forgot to add 'mini-css-extract-plugin' plugin (i.e. `{ plugins: [new MiniCssExtractPlugin()] }`), please read https://github.com/webpack-contrib/mini-css-extract-plugin#getting-started @ webpack-internal:///./node_modules/.pnpm/next@14.2.21_react-dom@18.3.1_react@18.3.1__react@18.3.1/node_modules/next/dist/client/components/react-dev-overlay/internal/helpers/hydration-error-info.js:62
[ 4244558ms] [ERROR] ./node_modules/.pnpm/next@14.2.21_react-dom@18.3.1_react@18.3.1__react@18.3.1/node_modules/next/font/google/target.css?{"path":"src/app/layout.tsx","import":"Manrope","arguments":[{"variable":"--font-heading","subsets":["latin"]}],"variableName":"manrope"}
Error: You forgot to add 'mini-css-extract-plugin' plugin (i.e. `{ plugins: [new MiniCssExtractPlugin()] }`), please read https://github.com/webpack-contrib/mini-css-extract-plugin#getting-started @ webpack-internal:///./node_modules/.pnpm/next@14.2.21_react-dom@18.3.1_react@18.3.1__react@18.3.1/node_modules/next/dist/client/components/react-dev-overlay/internal/helpers/hydration-error-info.js:62
[ 4244558ms] [ERROR] ./src/app/globals.css
Error: You forgot to add 'mini-css-extract-plugin' plugin (i.e. `{ plugins: [new MiniCssExtractPlugin()] }`), please read https://github.com/webpack-contrib/mini-css-extract-plugin#getting-started @ webpack-internal:///./node_modules/.pnpm/next@14.2.21_react-dom@18.3.1_react@18.3.1__react@18.3.1/node_modules/next/dist/client/components/react-dev-overlay/internal/helpers/hydration-error-info.js:62
[ 4244604ms] [ERROR] ./node_modules/.pnpm/next@14.2.21_react-dom@18.3.1_react@18.3.1__react@18.3.1/node_modules/next/font/google/target.css?{"path":"src/app/layout.tsx","import":"DM_Mono","arguments":[{"variable":"--font-mono","subsets":["latin"],"weight":["400","500"]}],"variableName":"dmMono"}
Error: You forgot to add 'mini-css-extract-plugin' plugin (i.e. `{ plugins: [new MiniCssExtractPlugin()] }`), please read https://github.com/webpack-contrib/mini-css-extract-plugin#getting-started @ webpack-internal:///./node_modules/.pnpm/next@14.2.21_react-dom@18.3.1_react@18.3.1__react@18.3.1/node_modules/next/dist/client/components/react-dev-overlay/internal/helpers/hydration-error-info.js:62
[ 4244604ms] [ERROR] ./node_modules/.pnpm/next@14.2.21_react-dom@18.3.1_react@18.3.1__react@18.3.1/node_modules/next/font/google/target.css?{"path":"src/app/layout.tsx","import":"DM_Sans","arguments":[{"variable":"--font-sans","subsets":["latin"]}],"variableName":"dmSans"}
Error: You forgot to add 'mini-css-extract-plugin' plugin (i.e. `{ plugins: [new MiniCssExtractPlugin()] }`), please read https://github.com/webpack-contrib/mini-css-extract-plugin#getting-started @ webpack-internal:///./node_modules/.pnpm/next@14.2.21_react-dom@18.3.1_react@18.3.1__react@18.3.1/node_modules/next/dist/client/components/react-dev-overlay/internal/helpers/hydration-error-info.js:62
[ 4244604ms] [ERROR] ./node_modules/.pnpm/next@14.2.21_react-dom@18.3.1_react@18.3.1__react@18.3.1/node_modules/next/font/google/target.css?{"path":"src/app/layout.tsx","import":"Manrope","arguments":[{"variable":"--font-heading","subsets":["latin"]}],"variableName":"manrope"}
Error: You forgot to add 'mini-css-extract-plugin' plugin (i.e. `{ plugins: [new MiniCssExtractPlugin()] }`), please read https://github.com/webpack-contrib/mini-css-extract-plugin#getting-started @ webpack-internal:///./node_modules/.pnpm/next@14.2.21_react-dom@18.3.1_react@18.3.1__react@18.3.1/node_modules/next/dist/client/components/react-dev-overlay/internal/helpers/hydration-error-info.js:62
[ 4244604ms] [ERROR] ./src/app/globals.css
Error: You forgot to add 'mini-css-extract-plugin' plugin (i.e. `{ plugins: [new MiniCssExtractPlugin()] }`), please read https://github.com/webpack-contrib/mini-css-extract-plugin#getting-started @ webpack-internal:///./node_modules/.pnpm/next@14.2.21_react-dom@18.3.1_react@18.3.1__react@18.3.1/node_modules/next/dist/client/components/react-dev-overlay/internal/helpers/hydration-error-info.js:62
[ 4965337ms] [ERROR] ./node_modules/.pnpm/next@14.2.21_react-dom@18.3.1_react@18.3.1__react@18.3.1/node_modules/next/font/google/target.css?{"path":"src/app/layout.tsx","import":"DM_Mono","arguments":[{"variable":"--font-mono","subsets":["latin"],"weight":["400","500"]}],"variableName":"dmMono"}
Error: You forgot to add 'mini-css-extract-plugin' plugin (i.e. `{ plugins: [new MiniCssExtractPlugin()] }`), please read https://github.com/webpack-contrib/mini-css-extract-plugin#getting-started
Import trace for requested module:
./node_modules/.pnpm/next@14.2.21_react-dom@18.3.1_react@18.3.1__react@18.3.1/node_modules/next/font/google/target.css?{"path":"src/app/layout.tsx","import":"DM_Mono","arguments":[{"variable":"--font-mono","subsets":["latin"],"weight":["400","500"]}],"variableName":"dmMono"} @ webpack-internal:///./node_modules/.pnpm/next@14.2.21_react-dom@18.3.1_react@18.3.1__react@18.3.1/node_modules/next/dist/client/components/react-dev-overlay/internal/helpers/hydration-error-info.js:62
[ 4965341ms] [ERROR] ./node_modules/.pnpm/next@14.2.21_react-dom@18.3.1_react@18.3.1__react@18.3.1/node_modules/next/font/google/target.css?{"path":"src/app/layout.tsx","import":"DM_Sans","arguments":[{"variable":"--font-sans","subsets":["latin"]}],"variableName":"dmSans"}
Error: You forgot to add 'mini-css-extract-plugin' plugin (i.e. `{ plugins: [new MiniCssExtractPlugin()] }`), please read https://github.com/webpack-contrib/mini-css-extract-plugin#getting-started
Import trace for requested module:
./node_modules/.pnpm/next@14.2.21_react-dom@18.3.1_react@18.3.1__react@18.3.1/node_modules/next/font/google/target.css?{"path":"src/app/layout.tsx","import":"DM_Sans","arguments":[{"variable":"--font-sans","subsets":["latin"]}],"variableName":"dmSans"} @ webpack-internal:///./node_modules/.pnpm/next@14.2.21_react-dom@18.3.1_react@18.3.1__react@18.3.1/node_modules/next/dist/client/components/react-dev-overlay/internal/helpers/hydration-error-info.js:62
[ 4965342ms] [ERROR] ./node_modules/.pnpm/next@14.2.21_react-dom@18.3.1_react@18.3.1__react@18.3.1/node_modules/next/font/google/target.css?{"path":"src/app/layout.tsx","import":"Manrope","arguments":[{"variable":"--font-heading","subsets":["latin"]}],"variableName":"manrope"}
Error: You forgot to add 'mini-css-extract-plugin' plugin (i.e. `{ plugins: [new MiniCssExtractPlugin()] }`), please read https://github.com/webpack-contrib/mini-css-extract-plugin#getting-started
Import trace for requested module:
./node_modules/.pnpm/next@14.2.21_react-dom@18.3.1_react@18.3.1__react@18.3.1/node_modules/next/font/google/target.css?{"path":"src/app/layout.tsx","import":"Manrope","arguments":[{"variable":"--font-heading","subsets":["latin"]}],"variableName":"manrope"} @ webpack-internal:///./node_modules/.pnpm/next@14.2.21_react-dom@18.3.1_react@18.3.1__react@18.3.1/node_modules/next/dist/client/components/react-dev-overlay/internal/helpers/hydration-error-info.js:62
[ 4965342ms] [ERROR] ./src/app/globals.css
Error: You forgot to add 'mini-css-extract-plugin' plugin (i.e. `{ plugins: [new MiniCssExtractPlugin()] }`), please read https://github.com/webpack-contrib/mini-css-extract-plugin#getting-started
Import trace for requested module:
./src/app/globals.css @ webpack-internal:///./node_modules/.pnpm/next@14.2.21_react-dom@18.3.1_react@18.3.1__react@18.3.1/node_modules/next/dist/client/components/react-dev-overlay/internal/helpers/hydration-error-info.js:62
[ 5423541ms] [ERROR] ./node_modules/.pnpm/next@14.2.21_react-dom@18.3.1_react@18.3.1__react@18.3.1/node_modules/next/font/google/target.css?{"path":"src/app/layout.tsx","import":"DM_Mono","arguments":[{"variable":"--font-mono","subsets":["latin"],"weight":["400","500"]}],"variableName":"dmMono"}
Error: You forgot to add 'mini-css-extract-plugin' plugin (i.e. `{ plugins: [new MiniCssExtractPlugin()] }`), please read https://github.com/webpack-contrib/mini-css-extract-plugin#getting-started
Import trace for requested module:
./node_modules/.pnpm/next@14.2.21_react-dom@18.3.1_react@18.3.1__react@18.3.1/node_modules/next/font/google/target.css?{"path":"src/app/layout.tsx","import":"DM_Mono","arguments":[{"variable":"--font-mono","subsets":["latin"],"weight":["400","500"]}],"variableName":"dmMono"} @ webpack-internal:///./node_modules/.pnpm/next@14.2.21_react-dom@18.3.1_react@18.3.1__react@18.3.1/node_modules/next/dist/client/components/react-dev-overlay/internal/helpers/hydration-error-info.js:62
[ 5423542ms] [ERROR] ./node_modules/.pnpm/next@14.2.21_react-dom@18.3.1_react@18.3.1__react@18.3.1/node_modules/next/font/google/target.css?{"path":"src/app/layout.tsx","import":"DM_Sans","arguments":[{"variable":"--font-sans","subsets":["latin"]}],"variableName":"dmSans"}
Error: You forgot to add 'mini-css-extract-plugin' plugin (i.e. `{ plugins: [new MiniCssExtractPlugin()] }`), please read https://github.com/webpack-contrib/mini-css-extract-plugin#getting-started
Import trace for requested module:
./node_modules/.pnpm/next@14.2.21_react-dom@18.3.1_react@18.3.1__react@18.3.1/node_modules/next/font/google/target.css?{"path":"src/app/layout.tsx","import":"DM_Sans","arguments":[{"variable":"--font-sans","subsets":["latin"]}],"variableName":"dmSans"} @ webpack-internal:///./node_modules/.pnpm/next@14.2.21_react-dom@18.3.1_react@18.3.1__react@18.3.1/node_modules/next/dist/client/components/react-dev-overlay/internal/helpers/hydration-error-info.js:62
[ 5423542ms] [ERROR] ./node_modules/.pnpm/next@14.2.21_react-dom@18.3.1_react@18.3.1__react@18.3.1/node_modules/next/font/google/target.css?{"path":"src/app/layout.tsx","import":"Manrope","arguments":[{"variable":"--font-heading","subsets":["latin"]}],"variableName":"manrope"}
Error: You forgot to add 'mini-css-extract-plugin' plugin (i.e. `{ plugins: [new MiniCssExtractPlugin()] }`), please read https://github.com/webpack-contrib/mini-css-extract-plugin#getting-started
Import trace for requested module:
./node_modules/.pnpm/next@14.2.21_react-dom@18.3.1_react@18.3.1__react@18.3.1/node_modules/next/font/google/target.css?{"path":"src/app/layout.tsx","import":"Manrope","arguments":[{"variable":"--font-heading","subsets":["latin"]}],"variableName":"manrope"} @ webpack-internal:///./node_modules/.pnpm/next@14.2.21_react-dom@18.3.1_react@18.3.1__react@18.3.1/node_modules/next/dist/client/components/react-dev-overlay/internal/helpers/hydration-error-info.js:62
[ 5423542ms] [ERROR] ./src/app/globals.css
Error: You forgot to add 'mini-css-extract-plugin' plugin (i.e. `{ plugins: [new MiniCssExtractPlugin()] }`), please read https://github.com/webpack-contrib/mini-css-extract-plugin#getting-started
Import trace for requested module:
./src/app/globals.css @ webpack-internal:///./node_modules/.pnpm/next@14.2.21_react-dom@18.3.1_react@18.3.1__react@18.3.1/node_modules/next/dist/client/components/react-dev-overlay/internal/helpers/hydration-error-info.js:62
[ 5430769ms] [ERROR] ./node_modules/.pnpm/next@14.2.21_react-dom@18.3.1_react@18.3.1__react@18.3.1/node_modules/next/font/google/target.css?{"path":"src/app/layout.tsx","import":"DM_Mono","arguments":[{"variable":"--font-mono","subsets":["latin"],"weight":["400","500"]}],"variableName":"dmMono"}
Error: You forgot to add 'mini-css-extract-plugin' plugin (i.e. `{ plugins: [new MiniCssExtractPlugin()] }`), please read https://github.com/webpack-contrib/mini-css-extract-plugin#getting-started
Import trace for requested module:
./node_modules/.pnpm/next@14.2.21_react-dom@18.3.1_react@18.3.1__react@18.3.1/node_modules/next/font/google/target.css?{"path":"src/app/layout.tsx","import":"DM_Mono","arguments":[{"variable":"--font-mono","subsets":["latin"],"weight":["400","500"]}],"variableName":"dmMono"} @ webpack-internal:///./node_modules/.pnpm/next@14.2.21_react-dom@18.3.1_react@18.3.1__react@18.3.1/node_modules/next/dist/client/components/react-dev-overlay/internal/helpers/hydration-error-info.js:62
[ 5430769ms] [ERROR] ./node_modules/.pnpm/next@14.2.21_react-dom@18.3.1_react@18.3.1__react@18.3.1/node_modules/next/font/google/target.css?{"path":"src/app/layout.tsx","import":"DM_Sans","arguments":[{"variable":"--font-sans","subsets":["latin"]}],"variableName":"dmSans"}
Error: You forgot to add 'mini-css-extract-plugin' plugin (i.e. `{ plugins: [new MiniCssExtractPlugin()] }`), please read https://github.com/webpack-contrib/mini-css-extract-plugin#getting-started
Import trace for requested module:
./node_modules/.pnpm/next@14.2.21_react-dom@18.3.1_react@18.3.1__react@18.3.1/node_modules/next/font/google/target.css?{"path":"src/app/layout.tsx","import":"DM_Sans","arguments":[{"variable":"--font-sans","subsets":["latin"]}],"variableName":"dmSans"} @ webpack-internal:///./node_modules/.pnpm/next@14.2.21_react-dom@18.3.1_react@18.3.1__react@18.3.1/node_modules/next/dist/client/components/react-dev-overlay/internal/helpers/hydration-error-info.js:62
[ 5430769ms] [ERROR] ./node_modules/.pnpm/next@14.2.21_react-dom@18.3.1_react@18.3.1__react@18.3.1/node_modules/next/font/google/target.css?{"path":"src/app/layout.tsx","import":"Manrope","arguments":[{"variable":"--font-heading","subsets":["latin"]}],"variableName":"manrope"}
Error: You forgot to add 'mini-css-extract-plugin' plugin (i.e. `{ plugins: [new MiniCssExtractPlugin()] }`), please read https://github.com/webpack-contrib/mini-css-extract-plugin#getting-started
Import trace for requested module:
./node_modules/.pnpm/next@14.2.21_react-dom@18.3.1_react@18.3.1__react@18.3.1/node_modules/next/font/google/target.css?{"path":"src/app/layout.tsx","import":"Manrope","arguments":[{"variable":"--font-heading","subsets":["latin"]}],"variableName":"manrope"} @ webpack-internal:///./node_modules/.pnpm/next@14.2.21_react-dom@18.3.1_react@18.3.1__react@18.3.1/node_modules/next/dist/client/components/react-dev-overlay/internal/helpers/hydration-error-info.js:62
[ 5430769ms] [ERROR] ./src/app/globals.css
Error: You forgot to add 'mini-css-extract-plugin' plugin (i.e. `{ plugins: [new MiniCssExtractPlugin()] }`), please read https://github.com/webpack-contrib/mini-css-extract-plugin#getting-started
Import trace for requested module:
./src/app/globals.css @ webpack-internal:///./node_modules/.pnpm/next@14.2.21_react-dom@18.3.1_react@18.3.1__react@18.3.1/node_modules/next/dist/client/components/react-dev-overlay/internal/helpers/hydration-error-info.js:62
[ 5431837ms] [ERROR] Failed to load resource: the server responded with a status of 500 (Internal Server Error) @ http://localhost:3000/panel/inmobiliaria/beta:0
[ 5431934ms] [ERROR] Failed to load resource: the server responded with a status of 500 (Internal Server Error) @ http://localhost:3000/_next/static/chunks/fallback/react-refresh.js:0
[ 5431935ms] [ERROR] Failed to load resource: the server responded with a status of 500 (Internal Server Error) @ http://localhost:3000/_next/static/chunks/fallback/webpack.js:0
[ 5431935ms] [ERROR] Failed to load resource: the server responded with a status of 500 (Internal Server Error) @ http://localhost:3000/_next/static/chunks/fallback/main.js:0
[ 5431965ms] [ERROR] Failed to load resource: the server responded with a status of 500 (Internal Server Error) @ http://localhost:3000/_next/static/chunks/fallback/pages/_app.js:0
[ 5431966ms] [ERROR] Failed to load resource: the server responded with a status of 500 (Internal Server Error) @ http://localhost:3000/_next/static/chunks/fallback/pages/_error.js:0
[ 5435599ms] [ERROR] Failed to load resource: the server responded with a status of 500 (Internal Server Error) @ http://localhost:3000/favicon.ico:0
